[2024-11-06T04:07:03.809+0530][gc,init] CardTable entry size: 512
[2024-11-06T04:07:03.809+0530][gc     ] Using G1
[2024-11-06T04:07:03.826+0530][gc,init] Version: 21.0.4+7-Ubuntu-1ubuntu224.04 (release)
[2024-11-06T04:07:03.826+0530][gc,init] CPUs: 16 total, 12 available
[2024-11-06T04:07:03.826+0530][gc,init] Memory: 7806M
[2024-11-06T04:07:03.826+0530][gc,init] Large Page Support: Disabled
[2024-11-06T04:07:03.826+0530][gc,init] NUMA Support: Disabled
[2024-11-06T04:07:03.826+0530][gc,init] Compressed Oops: Enabled (32-bit)
[2024-11-06T04:07:03.826+0530][gc,init] Heap Region Size: 1M
[2024-11-06T04:07:03.826+0530][gc,init] Heap Min Capacity: 1G
[2024-11-06T04:07:03.826+0530][gc,init] Heap Initial Capacity: 1G
[2024-11-06T04:07:03.826+0530][gc,init] Heap Max Capacity: 1G
[2024-11-06T04:07:03.826+0530][gc,init] Pre-touch: Disabled
[2024-11-06T04:07:03.826+0530][gc,init] Parallel Workers: 10
[2024-11-06T04:07:03.826+0530][gc,init] Concurrent Workers: 3
[2024-11-06T04:07:03.826+0530][gc,init] Concurrent Refinement Workers: 10
[2024-11-06T04:07:03.826+0530][gc,init] Periodic GC: Disabled
[2024-11-06T04:07:03.840+0530][gc,metaspace] CDS archive(s) mapped at: [0x000078eb33000000-0x000078eb33cae000-0x000078eb33cae000), size 13295616, SharedBaseAddress: 0x000078eb33000000, ArchiveRelocationMode: 1.
[2024-11-06T04:07:03.840+0530][gc,metaspace] Compressed class space mapped at: 0x000078eb34000000-0x000078eb74000000, reserved size: 1073741824
[2024-11-06T04:07:03.840+0530][gc,metaspace] Narrow klass base: 0x000078eb33000000, Narrow klass shift: 0, Narrow klass range: 0x100000000
[2024-11-06T04:07:05.147+0530][gc,start    ] GC(0) Pause Young (Normal) (G1 Evacuation Pause)
[2024-11-06T04:07:05.148+0530][gc,task     ] GC(0) Using 10 workers of 10 for evacuation
[2024-11-06T04:07:05.154+0530][gc,phases   ] GC(0)   Pre Evacuate Collection Set: 0.2ms
[2024-11-06T04:07:05.154+0530][gc,phases   ] GC(0)   Merge Heap Roots: 0.1ms
[2024-11-06T04:07:05.154+0530][gc,phases   ] GC(0)   Evacuate Collection Set: 4.0ms
[2024-11-06T04:07:05.154+0530][gc,phases   ] GC(0)   Post Evacuate Collection Set: 1.0ms
[2024-11-06T04:07:05.154+0530][gc,phases   ] GC(0)   Other: 1.3ms
[2024-11-06T04:07:05.154+0530][gc,heap     ] GC(0) Eden regions: 51->0(44)
[2024-11-06T04:07:05.154+0530][gc,heap     ] GC(0) Survivor regions: 0->7(7)
[2024-11-06T04:07:05.154+0530][gc,heap     ] GC(0) Old regions: 2->3
[2024-11-06T04:07:05.154+0530][gc,heap     ] GC(0) Humongous regions: 0->0
[2024-11-06T04:07:05.154+0530][gc,metaspace] GC(0) Metaspace: 17847K(18048K)->17847K(18048K) NonClass: 15782K(15872K)->15782K(15872K) Class: 2065K(2176K)->2065K(2176K)
[2024-11-06T04:07:05.154+0530][gc          ] GC(0) Pause Young (Normal) (G1 Evacuation Pause) 52M->8M(1024M) 6.788ms
[2024-11-06T04:07:05.154+0530][gc,cpu      ] GC(0) User=0.03s Sys=0.02s Real=0.01s
[2024-11-06T04:07:05.403+0530][gc,start    ] GC(1) Pause Young (Concurrent Start) (Metadata GC Threshold)
[2024-11-06T04:07:05.403+0530][gc,task     ] GC(1) Using 10 workers of 10 for evacuation
[2024-11-06T04:07:05.408+0530][gc,phases   ] GC(1)   Pre Evacuate Collection Set: 0.3ms
[2024-11-06T04:07:05.408+0530][gc,phases   ] GC(1)   Merge Heap Roots: 0.1ms
[2024-11-06T04:07:05.408+0530][gc,phases   ] GC(1)   Evacuate Collection Set: 3.9ms
[2024-11-06T04:07:05.408+0530][gc,phases   ] GC(1)   Post Evacuate Collection Set: 0.5ms
[2024-11-06T04:07:05.408+0530][gc,phases   ] GC(1)   Other: 0.1ms
[2024-11-06T04:07:05.408+0530][gc,heap     ] GC(1) Eden regions: 14->0(49)
[2024-11-06T04:07:05.408+0530][gc,heap     ] GC(1) Survivor regions: 7->2(7)
[2024-11-06T04:07:05.408+0530][gc,heap     ] GC(1) Old regions: 3->10
[2024-11-06T04:07:05.408+0530][gc,heap     ] GC(1) Humongous regions: 0->0
[2024-11-06T04:07:05.408+0530][gc,metaspace] GC(1) Metaspace: 21303K(21504K)->21303K(21504K) NonClass: 18814K(18880K)->18814K(18880K) Class: 2489K(2624K)->2489K(2624K)
[2024-11-06T04:07:05.408+0530][gc          ] GC(1) Pause Young (Concurrent Start) (Metadata GC Threshold) 22M->10M(1024M) 5.133ms
[2024-11-06T04:07:05.408+0530][gc,cpu      ] GC(1) User=0.02s Sys=0.02s Real=0.00s
[2024-11-06T04:07:05.408+0530][gc          ] GC(2) Concurrent Mark Cycle
[2024-11-06T04:07:05.408+0530][gc,marking  ] GC(2) Concurrent Scan Root Regions
[2024-11-06T04:07:05.410+0530][gc,marking  ] GC(2) Concurrent Scan Root Regions 1.920ms
[2024-11-06T04:07:05.410+0530][gc,marking  ] GC(2) Concurrent Mark
[2024-11-06T04:07:05.410+0530][gc,marking  ] GC(2) Concurrent Mark From Roots
[2024-11-06T04:07:05.410+0530][gc,task     ] GC(2) Using 3 workers of 3 for marking
[2024-11-06T04:07:05.413+0530][gc,marking  ] GC(2) Concurrent Mark From Roots 2.445ms
[2024-11-06T04:07:05.413+0530][gc,marking  ] GC(2) Concurrent Preclean
[2024-11-06T04:07:05.413+0530][gc,marking  ] GC(2) Concurrent Preclean 0.012ms
[2024-11-06T04:07:05.413+0530][gc,start    ] GC(2) Pause Remark
[2024-11-06T04:07:05.415+0530][gc          ] GC(2) Pause Remark 11M->11M(1024M) 1.725ms
[2024-11-06T04:07:05.415+0530][gc,cpu      ] GC(2) User=0.01s Sys=0.00s Real=0.00s
[2024-11-06T04:07:05.415+0530][gc,marking  ] GC(2) Concurrent Mark 4.474ms
[2024-11-06T04:07:05.415+0530][gc,marking  ] GC(2) Concurrent Rebuild Remembered Sets and Scrub Regions
[2024-11-06T04:07:05.416+0530][gc,marking  ] GC(2) Concurrent Rebuild Remembered Sets and Scrub Regions 1.508ms
[2024-11-06T04:07:05.416+0530][gc,start    ] GC(2) Pause Cleanup
[2024-11-06T04:07:05.417+0530][gc          ] GC(2) Pause Cleanup 11M->11M(1024M) 0.207ms
[2024-11-06T04:07:05.417+0530][gc,cpu      ] GC(2) User=0.00s Sys=0.00s Real=0.00s
[2024-11-06T04:07:05.417+0530][gc,marking  ] GC(2) Concurrent Clear Claimed Marks
[2024-11-06T04:07:05.417+0530][gc,marking  ] GC(2) Concurrent Clear Claimed Marks 0.023ms
[2024-11-06T04:07:05.417+0530][gc,marking  ] GC(2) Concurrent Cleanup for Next Mark
[2024-11-06T04:07:05.422+0530][gc,marking  ] GC(2) Concurrent Cleanup for Next Mark 5.403ms
[2024-11-06T04:07:05.422+0530][gc          ] GC(2) Concurrent Mark Cycle 13.909ms
[2024-11-06T04:07:06.524+0530][gc,start    ] GC(3) Pause Young (Prepare Mixed) (G1 Evacuation Pause)
[2024-11-06T04:07:06.524+0530][gc,task     ] GC(3) Using 10 workers of 10 for evacuation
[2024-11-06T04:07:06.529+0530][gc,phases   ] GC(3)   Pre Evacuate Collection Set: 0.3ms
[2024-11-06T04:07:06.529+0530][gc,phases   ] GC(3)   Merge Heap Roots: 0.1ms
[2024-11-06T04:07:06.529+0530][gc,phases   ] GC(3)   Evacuate Collection Set: 3.4ms
[2024-11-06T04:07:06.529+0530][gc,phases   ] GC(3)   Post Evacuate Collection Set: 0.7ms
[2024-11-06T04:07:06.529+0530][gc,phases   ] GC(3)   Other: 0.1ms
[2024-11-06T04:07:06.529+0530][gc,heap     ] GC(3) Eden regions: 49->0(45)
[2024-11-06T04:07:06.529+0530][gc,heap     ] GC(3) Survivor regions: 2->6(7)
[2024-11-06T04:07:06.529+0530][gc,heap     ] GC(3) Old regions: 10->10
[2024-11-06T04:07:06.529+0530][gc,heap     ] GC(3) Humongous regions: 129->129
[2024-11-06T04:07:06.529+0530][gc,metaspace] GC(3) Metaspace: 32789K(33152K)->32789K(33152K) NonClass: 29156K(29376K)->29156K(29376K) Class: 3633K(3776K)->3633K(3776K)
[2024-11-06T04:07:06.529+0530][gc          ] GC(3) Pause Young (Prepare Mixed) (G1 Evacuation Pause) 188M->143M(1024M) 4.927ms
[2024-11-06T04:07:06.529+0530][gc,cpu      ] GC(3) User=0.04s Sys=0.00s Real=0.00s
[2024-11-06T04:07:06.701+0530][gc,start    ] GC(4) Pause Young (Mixed) (Metadata GC Threshold)
[2024-11-06T04:07:06.701+0530][gc,task     ] GC(4) Using 10 workers of 10 for evacuation
[2024-11-06T04:07:06.706+0530][gc,phases   ] GC(4)   Pre Evacuate Collection Set: 0.2ms
[2024-11-06T04:07:06.706+0530][gc,phases   ] GC(4)   Merge Heap Roots: 0.1ms
[2024-11-06T04:07:06.706+0530][gc,phases   ] GC(4)   Evacuate Collection Set: 4.5ms
[2024-11-06T04:07:06.706+0530][gc,phases   ] GC(4)   Post Evacuate Collection Set: 0.6ms
[2024-11-06T04:07:06.706+0530][gc,phases   ] GC(4)   Other: 0.1ms
[2024-11-06T04:07:06.706+0530][gc,heap     ] GC(4) Eden regions: 13->0(49)
[2024-11-06T04:07:06.706+0530][gc,heap     ] GC(4) Survivor regions: 6->2(7)
[2024-11-06T04:07:06.706+0530][gc,heap     ] GC(4) Old regions: 10->15
[2024-11-06T04:07:06.707+0530][gc,heap     ] GC(4) Humongous regions: 129->129
[2024-11-06T04:07:06.707+0530][gc,metaspace] GC(4) Metaspace: 35843K(36160K)->35843K(36160K) NonClass: 31879K(32064K)->31879K(32064K) Class: 3964K(4096K)->3964K(4096K)
[2024-11-06T04:07:06.707+0530][gc          ] GC(4) Pause Young (Mixed) (Metadata GC Threshold) 156M->144M(1024M) 5.704ms
[2024-11-06T04:07:06.707+0530][gc,cpu      ] GC(4) User=0.04s Sys=0.00s Real=0.01s
[2024-11-06T04:07:06.724+0530][gc,start    ] GC(5) Pause Young (Concurrent Start) (Metadata GC Threshold)
[2024-11-06T04:07:06.724+0530][gc,task     ] GC(5) Using 10 workers of 10 for evacuation
[2024-11-06T04:07:06.727+0530][gc,phases   ] GC(5)   Pre Evacuate Collection Set: 0.3ms
[2024-11-06T04:07:06.727+0530][gc,phases   ] GC(5)   Merge Heap Roots: 0.1ms
[2024-11-06T04:07:06.727+0530][gc,phases   ] GC(5)   Evacuate Collection Set: 1.3ms
[2024-11-06T04:07:06.727+0530][gc,phases   ] GC(5)   Post Evacuate Collection Set: 0.7ms
[2024-11-06T04:07:06.727+0530][gc,phases   ] GC(5)   Other: 0.1ms
[2024-11-06T04:07:06.727+0530][gc,heap     ] GC(5) Eden regions: 3->0(50)
[2024-11-06T04:07:06.727+0530][gc,heap     ] GC(5) Survivor regions: 2->1(7)
[2024-11-06T04:07:06.727+0530][gc,heap     ] GC(5) Old regions: 15->15
[2024-11-06T04:07:06.727+0530][gc,heap     ] GC(5) Humongous regions: 129->129
[2024-11-06T04:07:06.727+0530][gc,metaspace] GC(5) Metaspace: 36195K(36480K)->36195K(36480K) NonClass: 32153K(32320K)->32153K(32320K) Class: 4042K(4160K)->4042K(4160K)
[2024-11-06T04:07:06.727+0530][gc          ] GC(5) Pause Young (Concurrent Start) (Metadata GC Threshold) 147M->144M(1024M) 2.722ms
[2024-11-06T04:07:06.727+0530][gc          ] GC(6) Concurrent Mark Cycle
[2024-11-06T04:07:06.727+0530][gc,marking  ] GC(6) Concurrent Scan Root Regions
[2024-11-06T04:07:06.727+0530][gc,cpu      ] GC(5) User=0.02s Sys=0.00s Real=0.00s
[2024-11-06T04:07:06.729+0530][gc,marking  ] GC(6) Concurrent Scan Root Regions 1.954ms
[2024-11-06T04:07:06.729+0530][gc,marking  ] GC(6) Concurrent Mark
[2024-11-06T04:07:06.729+0530][gc,marking  ] GC(6) Concurrent Mark From Roots
[2024-11-06T04:07:06.729+0530][gc,task     ] GC(6) Using 3 workers of 3 for marking
[2024-11-06T04:07:06.740+0530][gc,marking  ] GC(6) Concurrent Mark From Roots 11.085ms
[2024-11-06T04:07:06.740+0530][gc,marking  ] GC(6) Concurrent Preclean
[2024-11-06T04:07:06.740+0530][gc,marking  ] GC(6) Concurrent Preclean 0.088ms
[2024-11-06T04:07:06.740+0530][gc,start    ] GC(6) Pause Remark
[2024-11-06T04:07:06.742+0530][gc          ] GC(6) Pause Remark 146M->146M(1024M) 1.921ms
[2024-11-06T04:07:06.742+0530][gc,cpu      ] GC(6) User=0.01s Sys=0.00s Real=0.01s
[2024-11-06T04:07:06.742+0530][gc,marking  ] GC(6) Concurrent Mark 13.374ms
[2024-11-06T04:07:06.742+0530][gc,marking  ] GC(6) Concurrent Rebuild Remembered Sets and Scrub Regions
[2024-11-06T04:07:06.746+0530][gc,marking  ] GC(6) Concurrent Rebuild Remembered Sets and Scrub Regions 3.181ms
[2024-11-06T04:07:06.746+0530][gc,start    ] GC(6) Pause Cleanup
[2024-11-06T04:07:06.746+0530][gc          ] GC(6) Pause Cleanup 146M->146M(1024M) 0.185ms
[2024-11-06T04:07:06.746+0530][gc,cpu      ] GC(6) User=0.00s Sys=0.00s Real=0.00s
[2024-11-06T04:07:06.746+0530][gc,marking  ] GC(6) Concurrent Clear Claimed Marks
[2024-11-06T04:07:06.746+0530][gc,marking  ] GC(6) Concurrent Clear Claimed Marks 0.043ms
[2024-11-06T04:07:06.746+0530][gc,marking  ] GC(6) Concurrent Cleanup for Next Mark
[2024-11-06T04:07:06.749+0530][gc,marking  ] GC(6) Concurrent Cleanup for Next Mark 3.234ms
[2024-11-06T04:07:06.749+0530][gc          ] GC(6) Concurrent Mark Cycle 22.407ms
