[2024-11-05T18:09:48.778+0530][gc,init] CardTable entry size: 512
[2024-11-05T18:09:48.779+0530][gc     ] Using G1
[2024-11-05T18:09:48.805+0530][gc,init] Version: 21.0.4+7-Ubuntu-1ubuntu224.04 (release)
[2024-11-05T18:09:48.805+0530][gc,init] CPUs: 16 total, 12 available
[2024-11-05T18:09:48.805+0530][gc,init] Memory: 7806M
[2024-11-05T18:09:48.805+0530][gc,init] Large Page Support: Disabled
[2024-11-05T18:09:48.805+0530][gc,init] NUMA Support: Disabled
[2024-11-05T18:09:48.805+0530][gc,init] Compressed Oops: Enabled (32-bit)
[2024-11-05T18:09:48.805+0530][gc,init] Heap Region Size: 1M
[2024-11-05T18:09:48.805+0530][gc,init] Heap Min Capacity: 1G
[2024-11-05T18:09:48.805+0530][gc,init] Heap Initial Capacity: 1G
[2024-11-05T18:09:48.805+0530][gc,init] Heap Max Capacity: 1G
[2024-11-05T18:09:48.805+0530][gc,init] Pre-touch: Disabled
[2024-11-05T18:09:48.805+0530][gc,init] Parallel Workers: 10
[2024-11-05T18:09:48.805+0530][gc,init] Concurrent Workers: 3
[2024-11-05T18:09:48.805+0530][gc,init] Concurrent Refinement Workers: 10
[2024-11-05T18:09:48.805+0530][gc,init] Periodic GC: Disabled
[2024-11-05T18:09:48.821+0530][gc,metaspace] CDS archive(s) mapped at: [0x00007775cf000000-0x00007775cfcae000-0x00007775cfcae000), size 13295616, SharedBaseAddress: 0x00007775cf000000, ArchiveRelocationMode: 1.
[2024-11-05T18:09:48.821+0530][gc,metaspace] Compressed class space mapped at: 0x00007775d0000000-0x0000777610000000, reserved size: 1073741824
[2024-11-05T18:09:48.821+0530][gc,metaspace] Narrow klass base: 0x00007775cf000000, Narrow klass shift: 0, Narrow klass range: 0x100000000
[2024-11-05T18:10:02.515+0530][gc,start    ] GC(0) Pause Young (Normal) (G1 Evacuation Pause)
[2024-11-05T18:10:02.516+0530][gc,task     ] GC(0) Using 10 workers of 10 for evacuation
[2024-11-05T18:10:02.522+0530][gc,phases   ] GC(0)   Pre Evacuate Collection Set: 0.3ms
[2024-11-05T18:10:02.522+0530][gc,phases   ] GC(0)   Merge Heap Roots: 0.2ms
[2024-11-05T18:10:02.522+0530][gc,phases   ] GC(0)   Evacuate Collection Set: 4.2ms
[2024-11-05T18:10:02.522+0530][gc,phases   ] GC(0)   Post Evacuate Collection Set: 0.8ms
[2024-11-05T18:10:02.522+0530][gc,phases   ] GC(0)   Other: 1.2ms
[2024-11-05T18:10:02.522+0530][gc,heap     ] GC(0) Eden regions: 51->0(44)
[2024-11-05T18:10:02.522+0530][gc,heap     ] GC(0) Survivor regions: 0->7(7)
[2024-11-05T18:10:02.522+0530][gc,heap     ] GC(0) Old regions: 2->3
[2024-11-05T18:10:02.522+0530][gc,heap     ] GC(0) Humongous regions: 0->0
[2024-11-05T18:10:02.522+0530][gc,metaspace] GC(0) Metaspace: 17957K(18176K)->17957K(18176K) NonClass: 15878K(16000K)->15878K(16000K) Class: 2079K(2176K)->2079K(2176K)
[2024-11-05T18:10:02.522+0530][gc          ] GC(0) Pause Young (Normal) (G1 Evacuation Pause) 52M->8M(1024M) 7.135ms
[2024-11-05T18:10:02.522+0530][gc,cpu      ] GC(0) User=0.02s Sys=0.02s Real=0.01s
[2024-11-05T18:10:02.731+0530][gc,start    ] GC(1) Pause Young (Concurrent Start) (Metadata GC Threshold)
[2024-11-05T18:10:02.731+0530][gc,task     ] GC(1) Using 10 workers of 10 for evacuation
[2024-11-05T18:10:02.735+0530][gc,phases   ] GC(1)   Pre Evacuate Collection Set: 0.2ms
[2024-11-05T18:10:02.735+0530][gc,phases   ] GC(1)   Merge Heap Roots: 0.0ms
[2024-11-05T18:10:02.735+0530][gc,phases   ] GC(1)   Evacuate Collection Set: 3.4ms
[2024-11-05T18:10:02.735+0530][gc,phases   ] GC(1)   Post Evacuate Collection Set: 0.5ms
[2024-11-05T18:10:02.735+0530][gc,phases   ] GC(1)   Other: 0.1ms
[2024-11-05T18:10:02.735+0530][gc,heap     ] GC(1) Eden regions: 14->0(49)
[2024-11-05T18:10:02.735+0530][gc,heap     ] GC(1) Survivor regions: 7->2(7)
[2024-11-05T18:10:02.735+0530][gc,heap     ] GC(1) Old regions: 3->11
[2024-11-05T18:10:02.735+0530][gc,heap     ] GC(1) Humongous regions: 0->0
[2024-11-05T18:10:02.735+0530][gc,metaspace] GC(1) Metaspace: 21236K(21504K)->21236K(21504K) NonClass: 18731K(18880K)->18731K(18880K) Class: 2505K(2624K)->2505K(2624K)
[2024-11-05T18:10:02.735+0530][gc          ] GC(1) Pause Young (Concurrent Start) (Metadata GC Threshold) 22M->10M(1024M) 4.545ms
[2024-11-05T18:10:02.735+0530][gc,cpu      ] GC(1) User=0.03s Sys=0.01s Real=0.01s
[2024-11-05T18:10:02.735+0530][gc          ] GC(2) Concurrent Mark Cycle
[2024-11-05T18:10:02.735+0530][gc,marking  ] GC(2) Concurrent Scan Root Regions
[2024-11-05T18:10:02.738+0530][gc,marking  ] GC(2) Concurrent Scan Root Regions 2.407ms
[2024-11-05T18:10:02.738+0530][gc,marking  ] GC(2) Concurrent Mark
[2024-11-05T18:10:02.738+0530][gc,marking  ] GC(2) Concurrent Mark From Roots
[2024-11-05T18:10:02.738+0530][gc,task     ] GC(2) Using 3 workers of 3 for marking
[2024-11-05T18:10:02.740+0530][gc,marking  ] GC(2) Concurrent Mark From Roots 2.130ms
[2024-11-05T18:10:02.740+0530][gc,marking  ] GC(2) Concurrent Preclean
[2024-11-05T18:10:02.740+0530][gc,marking  ] GC(2) Concurrent Preclean 0.006ms
[2024-11-05T18:10:02.740+0530][gc,start    ] GC(2) Pause Remark
[2024-11-05T18:10:02.741+0530][gc          ] GC(2) Pause Remark 11M->11M(1024M) 1.314ms
[2024-11-05T18:10:02.741+0530][gc,cpu      ] GC(2) User=0.01s Sys=0.00s Real=0.01s
[2024-11-05T18:10:02.741+0530][gc,marking  ] GC(2) Concurrent Mark 3.656ms
[2024-11-05T18:10:02.741+0530][gc,marking  ] GC(2) Concurrent Rebuild Remembered Sets and Scrub Regions
[2024-11-05T18:10:02.743+0530][gc,marking  ] GC(2) Concurrent Rebuild Remembered Sets and Scrub Regions 1.276ms
[2024-11-05T18:10:02.743+0530][gc,start    ] GC(2) Pause Cleanup
[2024-11-05T18:10:02.743+0530][gc          ] GC(2) Pause Cleanup 11M->11M(1024M) 0.183ms
[2024-11-05T18:10:02.743+0530][gc,cpu      ] GC(2) User=0.00s Sys=0.00s Real=0.00s
[2024-11-05T18:10:02.743+0530][gc,marking  ] GC(2) Concurrent Clear Claimed Marks
[2024-11-05T18:10:02.743+0530][gc,marking  ] GC(2) Concurrent Clear Claimed Marks 0.019ms
[2024-11-05T18:10:02.743+0530][gc,marking  ] GC(2) Concurrent Cleanup for Next Mark
[2024-11-05T18:10:02.748+0530][gc,marking  ] GC(2) Concurrent Cleanup for Next Mark 4.792ms
[2024-11-05T18:10:02.748+0530][gc          ] GC(2) Concurrent Mark Cycle 12.718ms
[2024-11-05T18:10:03.465+0530][gc,start    ] GC(3) Pause Young (Prepare Mixed) (G1 Evacuation Pause)
[2024-11-05T18:10:03.465+0530][gc,task     ] GC(3) Using 10 workers of 10 for evacuation
[2024-11-05T18:10:03.469+0530][gc,phases   ] GC(3)   Pre Evacuate Collection Set: 0.2ms
[2024-11-05T18:10:03.469+0530][gc,phases   ] GC(3)   Merge Heap Roots: 0.0ms
[2024-11-05T18:10:03.469+0530][gc,phases   ] GC(3)   Evacuate Collection Set: 2.8ms
[2024-11-05T18:10:03.469+0530][gc,phases   ] GC(3)   Post Evacuate Collection Set: 0.8ms
[2024-11-05T18:10:03.469+0530][gc,phases   ] GC(3)   Other: 0.1ms
[2024-11-05T18:10:03.469+0530][gc,heap     ] GC(3) Eden regions: 49->0(44)
[2024-11-05T18:10:03.469+0530][gc,heap     ] GC(3) Survivor regions: 2->7(7)
[2024-11-05T18:10:03.469+0530][gc,heap     ] GC(3) Old regions: 11->11
[2024-11-05T18:10:03.469+0530][gc,heap     ] GC(3) Humongous regions: 129->129
[2024-11-05T18:10:03.469+0530][gc,metaspace] GC(3) Metaspace: 33142K(33408K)->33142K(33408K) NonClass: 29532K(29696K)->29532K(29696K) Class: 3609K(3712K)->3609K(3712K)
[2024-11-05T18:10:03.469+0530][gc          ] GC(3) Pause Young (Prepare Mixed) (G1 Evacuation Pause) 188M->144M(1024M) 3.995ms
[2024-11-05T18:10:03.469+0530][gc,cpu      ] GC(3) User=0.03s Sys=0.01s Real=0.00s
[2024-11-05T18:10:03.673+0530][gc,start    ] GC(4) Pause Young (Mixed) (Metadata GC Threshold)
[2024-11-05T18:10:03.673+0530][gc,task     ] GC(4) Using 10 workers of 10 for evacuation
[2024-11-05T18:10:03.677+0530][gc,phases   ] GC(4)   Pre Evacuate Collection Set: 0.3ms
[2024-11-05T18:10:03.677+0530][gc,phases   ] GC(4)   Merge Heap Roots: 0.1ms
[2024-11-05T18:10:03.677+0530][gc,phases   ] GC(4)   Evacuate Collection Set: 3.6ms
[2024-11-05T18:10:03.677+0530][gc,phases   ] GC(4)   Post Evacuate Collection Set: 0.5ms
[2024-11-05T18:10:03.677+0530][gc,phases   ] GC(4)   Other: 0.1ms
[2024-11-05T18:10:03.677+0530][gc,heap     ] GC(4) Eden regions: 12->0(49)
[2024-11-05T18:10:03.677+0530][gc,heap     ] GC(4) Survivor regions: 7->2(7)
[2024-11-05T18:10:03.677+0530][gc,heap     ] GC(4) Old regions: 11->16
[2024-11-05T18:10:03.677+0530][gc,heap     ] GC(4) Humongous regions: 129->129
[2024-11-05T18:10:03.677+0530][gc,metaspace] GC(4) Metaspace: 35895K(36160K)->35895K(36160K) NonClass: 31928K(32064K)->31928K(32064K) Class: 3967K(4096K)->3967K(4096K)
[2024-11-05T18:10:03.677+0530][gc          ] GC(4) Pause Young (Mixed) (Metadata GC Threshold) 156M->145M(1024M) 4.755ms
[2024-11-05T18:10:03.677+0530][gc,cpu      ] GC(4) User=0.03s Sys=0.01s Real=0.00s
[2024-11-05T18:10:03.702+0530][gc,start    ] GC(5) Pause Young (Concurrent Start) (Metadata GC Threshold)
[2024-11-05T18:10:03.702+0530][gc,task     ] GC(5) Using 10 workers of 10 for evacuation
[2024-11-05T18:10:03.703+0530][gc,phases   ] GC(5)   Pre Evacuate Collection Set: 0.3ms
[2024-11-05T18:10:03.703+0530][gc,phases   ] GC(5)   Merge Heap Roots: 0.1ms
[2024-11-05T18:10:03.703+0530][gc,phases   ] GC(5)   Evacuate Collection Set: 0.6ms
[2024-11-05T18:10:03.703+0530][gc,phases   ] GC(5)   Post Evacuate Collection Set: 0.3ms
[2024-11-05T18:10:03.703+0530][gc,phases   ] GC(5)   Other: 0.1ms
[2024-11-05T18:10:03.703+0530][gc,heap     ] GC(5) Eden regions: 3->0(50)
[2024-11-05T18:10:03.703+0530][gc,heap     ] GC(5) Survivor regions: 2->1(7)
[2024-11-05T18:10:03.703+0530][gc,heap     ] GC(5) Old regions: 16->16
[2024-11-05T18:10:03.703+0530][gc,heap     ] GC(5) Humongous regions: 129->129
[2024-11-05T18:10:03.703+0530][gc,metaspace] GC(5) Metaspace: 36226K(36480K)->36226K(36480K) NonClass: 32219K(32384K)->32219K(32384K) Class: 4007K(4096K)->4007K(4096K)
[2024-11-05T18:10:03.703+0530][gc          ] GC(5) Pause Young (Concurrent Start) (Metadata GC Threshold) 148M->145M(1024M) 1.518ms
[2024-11-05T18:10:03.703+0530][gc          ] GC(6) Concurrent Mark Cycle
[2024-11-05T18:10:03.703+0530][gc,marking  ] GC(6) Concurrent Scan Root Regions
[2024-11-05T18:10:03.703+0530][gc,cpu      ] GC(5) User=0.00s Sys=0.00s Real=0.00s
[2024-11-05T18:10:03.704+0530][gc,marking  ] GC(6) Concurrent Scan Root Regions 0.925ms
[2024-11-05T18:10:03.704+0530][gc,marking  ] GC(6) Concurrent Mark
[2024-11-05T18:10:03.704+0530][gc,marking  ] GC(6) Concurrent Mark From Roots
[2024-11-05T18:10:03.704+0530][gc,task     ] GC(6) Using 3 workers of 3 for marking
[2024-11-05T18:10:03.713+0530][gc,marking  ] GC(6) Concurrent Mark From Roots 8.762ms
[2024-11-05T18:10:03.713+0530][gc,marking  ] GC(6) Concurrent Preclean
[2024-11-05T18:10:03.713+0530][gc,marking  ] GC(6) Concurrent Preclean 0.056ms
[2024-11-05T18:10:03.713+0530][gc,start    ] GC(6) Pause Remark
[2024-11-05T18:10:03.715+0530][gc          ] GC(6) Pause Remark 146M->146M(1024M) 1.797ms
[2024-11-05T18:10:03.715+0530][gc,cpu      ] GC(6) User=0.01s Sys=0.00s Real=0.00s
[2024-11-05T18:10:03.715+0530][gc,marking  ] GC(6) Concurrent Mark 10.907ms
[2024-11-05T18:10:03.715+0530][gc,marking  ] GC(6) Concurrent Rebuild Remembered Sets and Scrub Regions
[2024-11-05T18:10:03.719+0530][gc,marking  ] GC(6) Concurrent Rebuild Remembered Sets and Scrub Regions 3.824ms
[2024-11-05T18:10:03.719+0530][gc,start    ] GC(6) Pause Cleanup
[2024-11-05T18:10:03.719+0530][gc          ] GC(6) Pause Cleanup 146M->146M(1024M) 0.136ms
[2024-11-05T18:10:03.719+0530][gc,cpu      ] GC(6) User=0.00s Sys=0.00s Real=0.00s
[2024-11-05T18:10:03.719+0530][gc,marking  ] GC(6) Concurrent Clear Claimed Marks
[2024-11-05T18:10:03.719+0530][gc,marking  ] GC(6) Concurrent Clear Claimed Marks 0.029ms
[2024-11-05T18:10:03.719+0530][gc,marking  ] GC(6) Concurrent Cleanup for Next Mark
[2024-11-05T18:10:03.722+0530][gc,marking  ] GC(6) Concurrent Cleanup for Next Mark 2.212ms
[2024-11-05T18:10:03.722+0530][gc          ] GC(6) Concurrent Mark Cycle 18.410ms
[2024-11-05T18:14:41.580+0530][gc,start    ] GC(7) Pause Young (Prepare Mixed) (G1 Evacuation Pause)
[2024-11-05T18:14:41.580+0530][gc,task     ] GC(7) Using 10 workers of 10 for evacuation
[2024-11-05T18:14:41.584+0530][gc,phases   ] GC(7)   Pre Evacuate Collection Set: 0.3ms
[2024-11-05T18:14:41.584+0530][gc,phases   ] GC(7)   Merge Heap Roots: 0.1ms
[2024-11-05T18:14:41.584+0530][gc,phases   ] GC(7)   Evacuate Collection Set: 2.8ms
[2024-11-05T18:14:41.584+0530][gc,phases   ] GC(7)   Post Evacuate Collection Set: 0.8ms
[2024-11-05T18:14:41.584+0530][gc,phases   ] GC(7)   Other: 0.1ms
[2024-11-05T18:14:41.584+0530][gc,heap     ] GC(7) Eden regions: 50->0(46)
[2024-11-05T18:14:41.584+0530][gc,heap     ] GC(7) Survivor regions: 1->5(7)
[2024-11-05T18:14:41.584+0530][gc,heap     ] GC(7) Old regions: 16->16
[2024-11-05T18:14:41.584+0530][gc,heap     ] GC(7) Humongous regions: 129->129
[2024-11-05T18:14:41.584+0530][gc,metaspace] GC(7) Metaspace: 41532K(42048K)->41532K(42048K) NonClass: 36753K(37056K)->36753K(37056K) Class: 4778K(4992K)->4778K(4992K)
[2024-11-05T18:14:41.584+0530][gc          ] GC(7) Pause Young (Prepare Mixed) (G1 Evacuation Pause) 195M->148M(1024M) 4.247ms
[2024-11-05T18:14:41.584+0530][gc,cpu      ] GC(7) User=0.03s Sys=0.00s Real=0.01s
[2024-11-05T18:23:56.463+0530][gc,start    ] GC(8) Pause Young (Mixed) (G1 Evacuation Pause)
[2024-11-05T18:23:56.464+0530][gc,task     ] GC(8) Using 10 workers of 10 for evacuation
[2024-11-05T18:23:56.469+0530][gc,phases   ] GC(8)   Pre Evacuate Collection Set: 0.4ms
[2024-11-05T18:23:56.469+0530][gc,phases   ] GC(8)   Merge Heap Roots: 0.1ms
[2024-11-05T18:23:56.469+0530][gc,phases   ] GC(8)   Evacuate Collection Set: 4.6ms
[2024-11-05T18:23:56.469+0530][gc,phases   ] GC(8)   Post Evacuate Collection Set: 0.7ms
[2024-11-05T18:23:56.469+0530][gc,phases   ] GC(8)   Other: 0.1ms
[2024-11-05T18:23:56.469+0530][gc,heap     ] GC(8) Eden regions: 46->0(46)
[2024-11-05T18:23:56.469+0530][gc,heap     ] GC(8) Survivor regions: 5->5(7)
[2024-11-05T18:23:56.469+0530][gc,heap     ] GC(8) Old regions: 16->17
[2024-11-05T18:23:56.469+0530][gc,heap     ] GC(8) Humongous regions: 129->129
[2024-11-05T18:23:56.469+0530][gc,metaspace] GC(8) Metaspace: 41638K(42240K)->41638K(42240K) NonClass: 36851K(37184K)->36851K(37184K) Class: 4787K(5056K)->4787K(5056K)
[2024-11-05T18:23:56.470+0530][gc          ] GC(8) Pause Young (Mixed) (G1 Evacuation Pause) 194M->149M(1024M) 6.130ms
[2024-11-05T18:23:56.470+0530][gc,cpu      ] GC(8) User=0.04s Sys=0.01s Real=0.00s
[2024-11-05T18:43:14.503+0530][gc,start    ] GC(9) Pause Young (Normal) (G1 Evacuation Pause)
[2024-11-05T18:43:14.520+0530][gc,task     ] GC(9) Using 10 workers of 10 for evacuation
[2024-11-05T18:43:14.525+0530][gc,phases   ] GC(9)   Pre Evacuate Collection Set: 0.4ms
[2024-11-05T18:43:14.525+0530][gc,phases   ] GC(9)   Merge Heap Roots: 0.1ms
[2024-11-05T18:43:14.525+0530][gc,phases   ] GC(9)   Evacuate Collection Set: 2.8ms
[2024-11-05T18:43:14.525+0530][gc,phases   ] GC(9)   Post Evacuate Collection Set: 0.7ms
[2024-11-05T18:43:14.525+0530][gc,phases   ] GC(9)   Other: 0.1ms
[2024-11-05T18:43:14.525+0530][gc,heap     ] GC(9) Eden regions: 46->0(48)
[2024-11-05T18:43:14.525+0530][gc,heap     ] GC(9) Survivor regions: 5->3(7)
[2024-11-05T18:43:14.525+0530][gc,heap     ] GC(9) Old regions: 17->18
[2024-11-05T18:43:14.525+0530][gc,heap     ] GC(9) Humongous regions: 129->129
[2024-11-05T18:43:14.525+0530][gc,metaspace] GC(9) Metaspace: 42173K(42752K)->42173K(42752K) NonClass: 37385K(37696K)->37385K(37696K) Class: 4788K(5056K)->4788K(5056K)
[2024-11-05T18:43:14.525+0530][gc          ] GC(9) Pause Young (Normal) (G1 Evacuation Pause) 195M->149M(1024M) 21.659ms
[2024-11-05T18:43:14.525+0530][gc,cpu      ] GC(9) User=0.02s Sys=0.00s Real=0.02s
[2024-11-05T18:52:21.881+0530][gc,start    ] GC(10) Pause Young (Normal) (G1 Evacuation Pause)
[2024-11-05T18:52:21.881+0530][gc,task     ] GC(10) Using 10 workers of 10 for evacuation
[2024-11-05T18:52:21.885+0530][gc,phases   ] GC(10)   Pre Evacuate Collection Set: 0.3ms
[2024-11-05T18:52:21.885+0530][gc,phases   ] GC(10)   Merge Heap Roots: 0.1ms
[2024-11-05T18:52:21.885+0530][gc,phases   ] GC(10)   Evacuate Collection Set: 2.4ms
[2024-11-05T18:52:21.885+0530][gc,phases   ] GC(10)   Post Evacuate Collection Set: 0.7ms
[2024-11-05T18:52:21.885+0530][gc,phases   ] GC(10)   Other: 0.1ms
[2024-11-05T18:52:21.885+0530][gc,heap     ] GC(10) Eden regions: 48->0(48)
[2024-11-05T18:52:21.885+0530][gc,heap     ] GC(10) Survivor regions: 3->3(7)
[2024-11-05T18:52:21.885+0530][gc,heap     ] GC(10) Old regions: 18->18
[2024-11-05T18:52:21.885+0530][gc,heap     ] GC(10) Humongous regions: 129->129
[2024-11-05T18:52:21.885+0530][gc,metaspace] GC(10) Metaspace: 42281K(42880K)->42281K(42880K) NonClass: 37493K(37824K)->37493K(37824K) Class: 4788K(5056K)->4788K(5056K)
[2024-11-05T18:52:21.885+0530][gc          ] GC(10) Pause Young (Normal) (G1 Evacuation Pause) 197M->149M(1024M) 3.921ms
[2024-11-05T18:52:21.885+0530][gc,cpu      ] GC(10) User=0.02s Sys=0.00s Real=0.01s
[2024-11-05T18:59:07.981+0530][gc,start    ] GC(11) Pause Young (Normal) (G1 Evacuation Pause)
[2024-11-05T18:59:07.981+0530][gc,task     ] GC(11) Using 10 workers of 10 for evacuation
[2024-11-05T18:59:07.991+0530][gc,phases   ] GC(11)   Pre Evacuate Collection Set: 0.3ms
[2024-11-05T18:59:07.991+0530][gc,phases   ] GC(11)   Merge Heap Roots: 0.1ms
[2024-11-05T18:59:07.991+0530][gc,phases   ] GC(11)   Evacuate Collection Set: 9.8ms
[2024-11-05T18:59:07.991+0530][gc,phases   ] GC(11)   Post Evacuate Collection Set: 0.3ms
[2024-11-05T18:59:07.991+0530][gc,phases   ] GC(11)   Other: 0.1ms
[2024-11-05T18:59:07.991+0530][gc,heap     ] GC(11) Eden regions: 48->0(47)
[2024-11-05T18:59:07.991+0530][gc,heap     ] GC(11) Survivor regions: 3->4(7)
[2024-11-05T18:59:07.991+0530][gc,heap     ] GC(11) Old regions: 18->18
[2024-11-05T18:59:07.991+0530][gc,heap     ] GC(11) Humongous regions: 129->129
[2024-11-05T18:59:07.991+0530][gc,metaspace] GC(11) Metaspace: 42318K(42880K)->42318K(42880K) NonClass: 37530K(37824K)->37530K(37824K) Class: 4788K(5056K)->4788K(5056K)
[2024-11-05T18:59:07.991+0530][gc          ] GC(11) Pause Young (Normal) (G1 Evacuation Pause) 197M->150M(1024M) 10.778ms
[2024-11-05T18:59:07.991+0530][gc,cpu      ] GC(11) User=0.02s Sys=0.00s Real=0.02s
[2024-11-05T19:03:26.371+0530][gc,start    ] GC(12) Pause Young (Normal) (G1 Evacuation Pause)
[2024-11-05T19:03:26.386+0530][gc,task     ] GC(12) Using 10 workers of 10 for evacuation
[2024-11-05T19:03:26.396+0530][gc,phases   ] GC(12)   Pre Evacuate Collection Set: 0.4ms
[2024-11-05T19:03:26.396+0530][gc,phases   ] GC(12)   Merge Heap Roots: 0.1ms
[2024-11-05T19:03:26.396+0530][gc,phases   ] GC(12)   Evacuate Collection Set: 9.3ms
[2024-11-05T19:03:26.396+0530][gc,phases   ] GC(12)   Post Evacuate Collection Set: 0.3ms
[2024-11-05T19:03:26.396+0530][gc,phases   ] GC(12)   Other: 0.1ms
[2024-11-05T19:03:26.396+0530][gc,heap     ] GC(12) Eden regions: 47->0(46)
[2024-11-05T19:03:26.396+0530][gc,heap     ] GC(12) Survivor regions: 4->5(7)
[2024-11-05T19:03:26.396+0530][gc,heap     ] GC(12) Old regions: 18->18
[2024-11-05T19:03:26.396+0530][gc,heap     ] GC(12) Humongous regions: 129->129
[2024-11-05T19:03:26.396+0530][gc,metaspace] GC(12) Metaspace: 42325K(42880K)->42325K(42880K) NonClass: 37537K(37824K)->37537K(37824K) Class: 4788K(5056K)->4788K(5056K)
[2024-11-05T19:03:26.397+0530][gc          ] GC(12) Pause Young (Normal) (G1 Evacuation Pause) 197M->151M(1024M) 25.172ms
[2024-11-05T19:03:26.397+0530][gc,cpu      ] GC(12) User=0.03s Sys=0.00s Real=0.02s
[2024-11-05T19:09:02.303+0530][gc,start    ] GC(13) Pause Young (Normal) (G1 Evacuation Pause)
[2024-11-05T19:09:02.303+0530][gc,task     ] GC(13) Using 10 workers of 10 for evacuation
[2024-11-05T19:09:02.315+0530][gc,phases   ] GC(13)   Pre Evacuate Collection Set: 0.4ms
[2024-11-05T19:09:02.315+0530][gc,phases   ] GC(13)   Merge Heap Roots: 0.1ms
[2024-11-05T19:09:02.315+0530][gc,phases   ] GC(13)   Evacuate Collection Set: 9.8ms
[2024-11-05T19:09:02.315+0530][gc,phases   ] GC(13)   Post Evacuate Collection Set: 1.8ms
[2024-11-05T19:09:02.315+0530][gc,phases   ] GC(13)   Other: 0.1ms
[2024-11-05T19:09:02.315+0530][gc,heap     ] GC(13) Eden regions: 46->0(54)
[2024-11-05T19:09:02.315+0530][gc,heap     ] GC(13) Survivor regions: 5->4(7)
[2024-11-05T19:09:02.315+0530][gc,heap     ] GC(13) Old regions: 18->19
[2024-11-05T19:09:02.315+0530][gc,heap     ] GC(13) Humongous regions: 129->129
[2024-11-05T19:09:02.315+0530][gc,metaspace] GC(13) Metaspace: 42363K(42944K)->42363K(42944K) NonClass: 37574K(37888K)->37574K(37888K) Class: 4788K(5056K)->4788K(5056K)
[2024-11-05T19:09:02.315+0530][gc          ] GC(13) Pause Young (Normal) (G1 Evacuation Pause) 197M->151M(1024M) 12.544ms
[2024-11-05T19:09:02.315+0530][gc,cpu      ] GC(13) User=0.03s Sys=0.01s Real=0.01s
[2024-11-05T19:17:16.460+0530][gc,start    ] GC(14) Pause Young (Normal) (G1 Evacuation Pause)
[2024-11-05T19:17:16.460+0530][gc,task     ] GC(14) Using 10 workers of 10 for evacuation
[2024-11-05T19:17:16.466+0530][gc,phases   ] GC(14)   Pre Evacuate Collection Set: 0.4ms
[2024-11-05T19:17:16.466+0530][gc,phases   ] GC(14)   Merge Heap Roots: 0.1ms
[2024-11-05T19:17:16.466+0530][gc,phases   ] GC(14)   Evacuate Collection Set: 5.0ms
[2024-11-05T19:17:16.466+0530][gc,phases   ] GC(14)   Post Evacuate Collection Set: 0.3ms
[2024-11-05T19:17:16.466+0530][gc,phases   ] GC(14)   Other: 0.1ms
[2024-11-05T19:17:16.466+0530][gc,heap     ] GC(14) Eden regions: 54->0(62)
[2024-11-05T19:17:16.466+0530][gc,heap     ] GC(14) Survivor regions: 4->5(8)
[2024-11-05T19:17:16.466+0530][gc,heap     ] GC(14) Old regions: 19->19
[2024-11-05T19:17:16.466+0530][gc,heap     ] GC(14) Humongous regions: 129->129
[2024-11-05T19:17:16.466+0530][gc,metaspace] GC(14) Metaspace: 42452K(43072K)->42452K(43072K) NonClass: 37660K(38016K)->37660K(38016K) Class: 4791K(5056K)->4791K(5056K)
[2024-11-05T19:17:16.466+0530][gc          ] GC(14) Pause Young (Normal) (G1 Evacuation Pause) 205M->152M(1024M) 6.195ms
[2024-11-05T19:17:16.466+0530][gc,cpu      ] GC(14) User=0.03s Sys=0.01s Real=0.01s
[2024-11-05T19:29:06.483+0530][gc,start    ] GC(15) Pause Young (Normal) (G1 Evacuation Pause)
[2024-11-05T19:29:06.483+0530][gc,task     ] GC(15) Using 10 workers of 10 for evacuation
[2024-11-05T19:29:06.489+0530][gc,phases   ] GC(15)   Pre Evacuate Collection Set: 0.3ms
[2024-11-05T19:29:06.489+0530][gc,phases   ] GC(15)   Merge Heap Roots: 0.3ms
[2024-11-05T19:29:06.489+0530][gc,phases   ] GC(15)   Evacuate Collection Set: 4.8ms
[2024-11-05T19:29:06.489+0530][gc,phases   ] GC(15)   Post Evacuate Collection Set: 0.5ms
[2024-11-05T19:29:06.489+0530][gc,phases   ] GC(15)   Other: 0.3ms
[2024-11-05T19:29:06.489+0530][gc,heap     ] GC(15) Eden regions: 62->0(609)
[2024-11-05T19:29:06.489+0530][gc,heap     ] GC(15) Survivor regions: 5->5(9)
[2024-11-05T19:29:06.489+0530][gc,heap     ] GC(15) Old regions: 19->20
[2024-11-05T19:29:06.489+0530][gc,heap     ] GC(15) Humongous regions: 129->129
[2024-11-05T19:29:06.489+0530][gc,metaspace] GC(15) Metaspace: 42456K(43072K)->42456K(43072K) NonClass: 37664K(38016K)->37664K(38016K) Class: 4791K(5056K)->4791K(5056K)
[2024-11-05T19:29:06.489+0530][gc          ] GC(15) Pause Young (Normal) (G1 Evacuation Pause) 214M->153M(1024M) 6.487ms
[2024-11-05T19:29:06.489+0530][gc,cpu      ] GC(15) User=0.05s Sys=0.00s Real=0.00s
[2024-11-05T21:05:33.325+0530][gc,start    ] GC(16) Pause Young (Normal) (G1 Evacuation Pause)
[2024-11-05T21:05:33.336+0530][gc,task     ] GC(16) Using 10 workers of 10 for evacuation
[2024-11-05T21:05:33.397+0530][gc,mmu      ] GC(16) MMU target violated: 21.0ms (20.0ms/21.0ms)
[2024-11-05T21:05:33.397+0530][gc,phases   ] GC(16)   Pre Evacuate Collection Set: 11.2ms
[2024-11-05T21:05:33.397+0530][gc,phases   ] GC(16)   Merge Heap Roots: 2.9ms
[2024-11-05T21:05:33.397+0530][gc,phases   ] GC(16)   Evacuate Collection Set: 37.2ms
[2024-11-05T21:05:33.397+0530][gc,phases   ] GC(16)   Post Evacuate Collection Set: 6.6ms
[2024-11-05T21:05:33.397+0530][gc,phases   ] GC(16)   Other: 4.0ms
[2024-11-05T21:05:33.397+0530][gc,heap     ] GC(16) Eden regions: 609->0(46)
[2024-11-05T21:05:33.398+0530][gc,heap     ] GC(16) Survivor regions: 5->5(77)
[2024-11-05T21:05:33.398+0530][gc,heap     ] GC(16) Old regions: 20->20
[2024-11-05T21:05:33.398+0530][gc,heap     ] GC(16) Humongous regions: 129->129
[2024-11-05T21:05:33.398+0530][gc,metaspace] GC(16) Metaspace: 42797K(43328K)->42797K(43328K) NonClass: 38000K(38272K)->38000K(38272K) Class: 4797K(5056K)->4797K(5056K)
[2024-11-05T21:05:33.398+0530][gc          ] GC(16) Pause Young (Normal) (G1 Evacuation Pause) 762M->152M(1024M) 73.582ms
[2024-11-05T21:05:33.398+0530][gc,cpu      ] GC(16) User=0.04s Sys=0.03s Real=0.07s
[2024-11-05T21:19:24.318+0530][gc,start    ] GC(17) Pause Young (Normal) (G1 Evacuation Pause)
[2024-11-05T21:19:24.377+0530][gc,task     ] GC(17) Using 10 workers of 10 for evacuation
[2024-11-05T21:19:24.389+0530][gc,phases   ] GC(17)   Pre Evacuate Collection Set: 0.3ms
[2024-11-05T21:19:24.389+0530][gc,phases   ] GC(17)   Merge Heap Roots: 0.1ms
[2024-11-05T21:19:24.389+0530][gc,phases   ] GC(17)   Evacuate Collection Set: 10.7ms
[2024-11-05T21:19:24.389+0530][gc,phases   ] GC(17)   Post Evacuate Collection Set: 0.3ms
[2024-11-05T21:19:24.389+0530][gc,phases   ] GC(17)   Other: 0.1ms
[2024-11-05T21:19:24.389+0530][gc,heap     ] GC(17) Eden regions: 46->0(46)
[2024-11-05T21:19:24.389+0530][gc,heap     ] GC(17) Survivor regions: 5->5(7)
[2024-11-05T21:19:24.389+0530][gc,heap     ] GC(17) Old regions: 20->20
[2024-11-05T21:19:24.389+0530][gc,heap     ] GC(17) Humongous regions: 129->129
[2024-11-05T21:19:24.389+0530][gc,metaspace] GC(17) Metaspace: 42799K(43328K)->42799K(43328K) NonClass: 38002K(38272K)->38002K(38272K) Class: 4797K(5056K)->4797K(5056K)
[2024-11-05T21:19:24.389+0530][gc          ] GC(17) Pause Young (Normal) (G1 Evacuation Pause) 198M->152M(1024M) 71.147ms
[2024-11-05T21:19:24.389+0530][gc,cpu      ] GC(17) User=0.02s Sys=0.02s Real=0.07s
[2024-11-05T21:40:29.324+0530][gc,start    ] GC(18) Pause Young (Normal) (G1 Evacuation Pause)
[2024-11-05T21:40:29.324+0530][gc,task     ] GC(18) Using 10 workers of 10 for evacuation
[2024-11-05T21:40:29.334+0530][gc,phases   ] GC(18)   Pre Evacuate Collection Set: 0.3ms
[2024-11-05T21:40:29.334+0530][gc,phases   ] GC(18)   Merge Heap Roots: 0.1ms
[2024-11-05T21:40:29.334+0530][gc,phases   ] GC(18)   Evacuate Collection Set: 7.6ms
[2024-11-05T21:40:29.334+0530][gc,phases   ] GC(18)   Post Evacuate Collection Set: 1.7ms
[2024-11-05T21:40:29.334+0530][gc,phases   ] GC(18)   Other: 0.1ms
[2024-11-05T21:40:29.334+0530][gc,heap     ] GC(18) Eden regions: 46->0(47)
[2024-11-05T21:40:29.334+0530][gc,heap     ] GC(18) Survivor regions: 5->4(7)
[2024-11-05T21:40:29.334+0530][gc,heap     ] GC(18) Old regions: 20->21
[2024-11-05T21:40:29.334+0530][gc,heap     ] GC(18) Humongous regions: 129->129
[2024-11-05T21:40:29.334+0530][gc,metaspace] GC(18) Metaspace: 42810K(43328K)->42810K(43328K) NonClass: 38012K(38272K)->38012K(38272K) Class: 4797K(5056K)->4797K(5056K)
[2024-11-05T21:40:29.334+0530][gc          ] GC(18) Pause Young (Normal) (G1 Evacuation Pause) 198M->152M(1024M) 9.893ms
[2024-11-05T21:40:29.334+0530][gc,cpu      ] GC(18) User=0.01s Sys=0.01s Real=0.01s
[2024-11-05T22:02:09.516+0530][gc,start    ] GC(19) Pause Young (Normal) (G1 Evacuation Pause)
[2024-11-05T22:02:09.516+0530][gc,task     ] GC(19) Using 10 workers of 10 for evacuation
[2024-11-05T22:02:09.527+0530][gc,phases   ] GC(19)   Pre Evacuate Collection Set: 0.3ms
[2024-11-05T22:02:09.527+0530][gc,phases   ] GC(19)   Merge Heap Roots: 0.1ms
[2024-11-05T22:02:09.527+0530][gc,phases   ] GC(19)   Evacuate Collection Set: 10.4ms
[2024-11-05T22:02:09.527+0530][gc,phases   ] GC(19)   Post Evacuate Collection Set: 0.3ms
[2024-11-05T22:02:09.527+0530][gc,phases   ] GC(19)   Other: 0.1ms
[2024-11-05T22:02:09.527+0530][gc,heap     ] GC(19) Eden regions: 47->0(47)
[2024-11-05T22:02:09.527+0530][gc,heap     ] GC(19) Survivor regions: 4->4(7)
[2024-11-05T22:02:09.527+0530][gc,heap     ] GC(19) Old regions: 21->21
[2024-11-05T22:02:09.527+0530][gc,heap     ] GC(19) Humongous regions: 129->129
[2024-11-05T22:02:09.527+0530][gc,metaspace] GC(19) Metaspace: 42810K(43328K)->42810K(43328K) NonClass: 38012K(38272K)->38012K(38272K) Class: 4797K(5056K)->4797K(5056K)
[2024-11-05T22:02:09.527+0530][gc          ] GC(19) Pause Young (Normal) (G1 Evacuation Pause) 199M->153M(1024M) 11.540ms
[2024-11-05T22:02:09.527+0530][gc,cpu      ] GC(19) User=0.03s Sys=0.01s Real=0.01s
[2024-11-05T22:17:12.484+0530][gc,start    ] GC(20) Pause Young (Normal) (G1 Evacuation Pause)
[2024-11-05T22:17:12.534+0530][gc,task     ] GC(20) Using 10 workers of 10 for evacuation
[2024-11-05T22:17:12.542+0530][gc,phases   ] GC(20)   Pre Evacuate Collection Set: 0.3ms
[2024-11-05T22:17:12.542+0530][gc,phases   ] GC(20)   Merge Heap Roots: 0.1ms
[2024-11-05T22:17:12.542+0530][gc,phases   ] GC(20)   Evacuate Collection Set: 6.6ms
[2024-11-05T22:17:12.542+0530][gc,phases   ] GC(20)   Post Evacuate Collection Set: 0.5ms
[2024-11-05T22:17:12.542+0530][gc,phases   ] GC(20)   Other: 0.2ms
[2024-11-05T22:17:12.542+0530][gc,heap     ] GC(20) Eden regions: 47->0(442)
[2024-11-05T22:17:12.542+0530][gc,heap     ] GC(20) Survivor regions: 4->3(7)
[2024-11-05T22:17:12.542+0530][gc,heap     ] GC(20) Old regions: 21->21
[2024-11-05T22:17:12.542+0530][gc,heap     ] GC(20) Humongous regions: 129->129
[2024-11-05T22:17:12.542+0530][gc,metaspace] GC(20) Metaspace: 42831K(43392K)->42831K(43392K) NonClass: 38034K(38336K)->38034K(38336K) Class: 4797K(5056K)->4797K(5056K)
[2024-11-05T22:17:12.542+0530][gc          ] GC(20) Pause Young (Normal) (G1 Evacuation Pause) 200M->152M(1024M) 57.495ms
[2024-11-05T22:17:12.542+0530][gc,cpu      ] GC(20) User=0.03s Sys=0.01s Real=0.06s
[2024-11-06T00:06:46.597+0530][gc,start    ] GC(21) Pause Young (Normal) (G1 Evacuation Pause)
[2024-11-06T00:06:46.635+0530][gc,task     ] GC(21) Using 10 workers of 10 for evacuation
[2024-11-06T00:06:46.678+0530][gc,mmu      ] GC(21) MMU target violated: 21.0ms (20.0ms/21.0ms)
[2024-11-06T00:06:46.678+0530][gc,phases   ] GC(21)   Pre Evacuate Collection Set: 3.1ms
[2024-11-06T00:06:46.678+0530][gc,phases   ] GC(21)   Merge Heap Roots: 2.8ms
[2024-11-06T00:06:46.678+0530][gc,phases   ] GC(21)   Evacuate Collection Set: 30.2ms
[2024-11-06T00:06:46.678+0530][gc,phases   ] GC(21)   Post Evacuate Collection Set: 6.0ms
[2024-11-06T00:06:46.678+0530][gc,phases   ] GC(21)   Other: 0.8ms
[2024-11-06T00:06:46.678+0530][gc,heap     ] GC(21) Eden regions: 611->0(49)
[2024-11-06T00:06:46.678+0530][gc,heap     ] GC(21) Survivor regions: 3->4(77)
[2024-11-06T00:06:46.678+0530][gc,heap     ] GC(21) Old regions: 21->21
[2024-11-06T00:06:46.678+0530][gc,heap     ] GC(21) Humongous regions: 129->129
[2024-11-06T00:06:46.678+0530][gc,metaspace] GC(21) Metaspace: 42891K(43456K)->42891K(43456K) NonClass: 38093K(38400K)->38093K(38400K) Class: 4797K(5056K)->4797K(5056K)
[2024-11-06T00:06:46.678+0530][gc          ] GC(21) Pause Young (Normal) (G1 Evacuation Pause) 763M->152M(1024M) 81.130ms
[2024-11-06T00:06:46.678+0530][gc,cpu      ] GC(21) User=0.02s Sys=0.03s Real=0.08s
[2024-11-06T00:32:31.903+0530][gc,start    ] GC(22) Pause Young (Normal) (G1 Evacuation Pause)
[2024-11-06T00:32:31.973+0530][gc,task     ] GC(22) Using 10 workers of 10 for evacuation
[2024-11-06T00:32:31.982+0530][gc,phases   ] GC(22)   Pre Evacuate Collection Set: 0.3ms
[2024-11-06T00:32:31.982+0530][gc,phases   ] GC(22)   Merge Heap Roots: 0.1ms
[2024-11-06T00:32:31.982+0530][gc,phases   ] GC(22)   Evacuate Collection Set: 7.1ms
[2024-11-06T00:32:31.982+0530][gc,phases   ] GC(22)   Post Evacuate Collection Set: 0.6ms
[2024-11-06T00:32:31.982+0530][gc,phases   ] GC(22)   Other: 0.2ms
[2024-11-06T00:32:31.982+0530][gc,heap     ] GC(22) Eden regions: 175->0(310)
[2024-11-06T00:32:31.982+0530][gc,heap     ] GC(22) Survivor regions: 4->5(23)
[2024-11-06T00:32:31.982+0530][gc,heap     ] GC(22) Old regions: 21->21
[2024-11-06T00:32:31.982+0530][gc,heap     ] GC(22) Humongous regions: 129->129
[2024-11-06T00:32:31.982+0530][gc,metaspace] GC(22) Metaspace: 42893K(43456K)->42893K(43456K) NonClass: 38095K(38400K)->38095K(38400K) Class: 4797K(5056K)->4797K(5056K)
[2024-11-06T00:32:31.982+0530][gc          ] GC(22) Pause Young (Normal) (G1 Evacuation Pause) 327M->153M(1024M) 78.665ms
[2024-11-06T00:32:31.982+0530][gc,cpu      ] GC(22) User=0.03s Sys=0.00s Real=0.08s
[2024-11-06T02:06:48.759+0530][gc,start    ] GC(23) Pause Young (Normal) (G1 Evacuation Pause)
[2024-11-06T02:06:48.817+0530][gc,task     ] GC(23) Using 10 workers of 10 for evacuation
[2024-11-06T02:06:48.963+0530][gc,mmu      ] GC(23) MMU target violated: 21.0ms (20.0ms/21.0ms)
[2024-11-06T02:06:48.964+0530][gc,phases   ] GC(23)   Pre Evacuate Collection Set: 14.1ms
[2024-11-06T02:06:48.964+0530][gc,phases   ] GC(23)   Merge Heap Roots: 3.7ms
[2024-11-06T02:06:48.964+0530][gc,phases   ] GC(23)   Evacuate Collection Set: 111.5ms
[2024-11-06T02:06:48.964+0530][gc,phases   ] GC(23)   Post Evacuate Collection Set: 15.8ms
[2024-11-06T02:06:48.964+0530][gc,phases   ] GC(23)   Other: 3.5ms
[2024-11-06T02:06:48.964+0530][gc,heap     ] GC(23) Eden regions: 372->0(47)
[2024-11-06T02:06:48.964+0530][gc,heap     ] GC(23) Survivor regions: 5->4(48)
[2024-11-06T02:06:48.964+0530][gc,heap     ] GC(23) Old regions: 21->21
[2024-11-06T02:06:48.964+0530][gc,heap     ] GC(23) Humongous regions: 129->129
[2024-11-06T02:06:48.964+0530][gc,metaspace] GC(23) Metaspace: 42949K(43520K)->42949K(43520K) NonClass: 38152K(38464K)->38152K(38464K) Class: 4797K(5056K)->4797K(5056K)
[2024-11-06T02:06:48.965+0530][gc          ] GC(23) Pause Young (Normal) (G1 Evacuation Pause) 525M->153M(1024M) 205.438ms
[2024-11-06T02:06:48.965+0530][gc,cpu      ] GC(23) User=0.12s Sys=0.05s Real=0.21s
