[2024-11-06T04:01:22.872+0530][gc,init] CardTable entry size: 512
[2024-11-06T04:01:22.872+0530][gc     ] Using G1
[2024-11-06T04:01:22.889+0530][gc,init] Version: 21.0.4+7-Ubuntu-1ubuntu224.04 (release)
[2024-11-06T04:01:22.889+0530][gc,init] CPUs: 16 total, 12 available
[2024-11-06T04:01:22.889+0530][gc,init] Memory: 7806M
[2024-11-06T04:01:22.889+0530][gc,init] Large Page Support: Disabled
[2024-11-06T04:01:22.889+0530][gc,init] NUMA Support: Disabled
[2024-11-06T04:01:22.889+0530][gc,init] Compressed Oops: Enabled (32-bit)
[2024-11-06T04:01:22.889+0530][gc,init] Heap Region Size: 1M
[2024-11-06T04:01:22.889+0530][gc,init] Heap Min Capacity: 1G
[2024-11-06T04:01:22.889+0530][gc,init] Heap Initial Capacity: 1G
[2024-11-06T04:01:22.889+0530][gc,init] Heap Max Capacity: 1G
[2024-11-06T04:01:22.889+0530][gc,init] Pre-touch: Disabled
[2024-11-06T04:01:22.889+0530][gc,init] Parallel Workers: 10
[2024-11-06T04:01:22.889+0530][gc,init] Concurrent Workers: 3
[2024-11-06T04:01:22.889+0530][gc,init] Concurrent Refinement Workers: 10
[2024-11-06T04:01:22.889+0530][gc,init] Periodic GC: Disabled
[2024-11-06T04:01:22.902+0530][gc,metaspace] CDS archive(s) mapped at: [0x000075a5f3000000-0x000075a5f3cae000-0x000075a5f3cae000), size 13295616, SharedBaseAddress: 0x000075a5f3000000, ArchiveRelocationMode: 1.
[2024-11-06T04:01:22.902+0530][gc,metaspace] Compressed class space mapped at: 0x000075a5f4000000-0x000075a634000000, reserved size: 1073741824
[2024-11-06T04:01:22.902+0530][gc,metaspace] Narrow klass base: 0x000075a5f3000000, Narrow klass shift: 0, Narrow klass range: 0x100000000
[2024-11-06T04:01:24.737+0530][gc,start    ] GC(0) Pause Young (Normal) (G1 Evacuation Pause)
[2024-11-06T04:01:24.739+0530][gc,task     ] GC(0) Using 10 workers of 10 for evacuation
[2024-11-06T04:01:24.744+0530][gc,phases   ] GC(0)   Pre Evacuate Collection Set: 0.2ms
[2024-11-06T04:01:24.744+0530][gc,phases   ] GC(0)   Merge Heap Roots: 0.1ms
[2024-11-06T04:01:24.744+0530][gc,phases   ] GC(0)   Evacuate Collection Set: 4.3ms
[2024-11-06T04:01:24.744+0530][gc,phases   ] GC(0)   Post Evacuate Collection Set: 1.0ms
[2024-11-06T04:01:24.744+0530][gc,phases   ] GC(0)   Other: 1.5ms
[2024-11-06T04:01:24.744+0530][gc,heap     ] GC(0) Eden regions: 51->0(44)
[2024-11-06T04:01:24.744+0530][gc,heap     ] GC(0) Survivor regions: 0->7(7)
[2024-11-06T04:01:24.744+0530][gc,heap     ] GC(0) Old regions: 2->3
[2024-11-06T04:01:24.744+0530][gc,heap     ] GC(0) Humongous regions: 0->0
[2024-11-06T04:01:24.744+0530][gc,metaspace] GC(0) Metaspace: 17992K(18240K)->17992K(18240K) NonClass: 15916K(16064K)->15916K(16064K) Class: 2075K(2176K)->2075K(2176K)
[2024-11-06T04:01:24.744+0530][gc          ] GC(0) Pause Young (Normal) (G1 Evacuation Pause) 52M->8M(1024M) 7.442ms
[2024-11-06T04:01:24.745+0530][gc,cpu      ] GC(0) User=0.02s Sys=0.02s Real=0.01s
[2024-11-06T04:01:25.059+0530][gc,start    ] GC(1) Pause Young (Concurrent Start) (Metadata GC Threshold)
[2024-11-06T04:01:25.059+0530][gc,task     ] GC(1) Using 10 workers of 10 for evacuation
[2024-11-06T04:01:25.064+0530][gc,phases   ] GC(1)   Pre Evacuate Collection Set: 0.3ms
[2024-11-06T04:01:25.064+0530][gc,phases   ] GC(1)   Merge Heap Roots: 0.0ms
[2024-11-06T04:01:25.064+0530][gc,phases   ] GC(1)   Evacuate Collection Set: 3.8ms
[2024-11-06T04:01:25.064+0530][gc,phases   ] GC(1)   Post Evacuate Collection Set: 0.5ms
[2024-11-06T04:01:25.064+0530][gc,phases   ] GC(1)   Other: 0.1ms
[2024-11-06T04:01:25.064+0530][gc,heap     ] GC(1) Eden regions: 13->0(49)
[2024-11-06T04:01:25.064+0530][gc,heap     ] GC(1) Survivor regions: 7->2(7)
[2024-11-06T04:01:25.064+0530][gc,heap     ] GC(1) Old regions: 3->11
[2024-11-06T04:01:25.064+0530][gc,heap     ] GC(1) Humongous regions: 0->0
[2024-11-06T04:01:25.064+0530][gc,metaspace] GC(1) Metaspace: 21253K(21504K)->21253K(21504K) NonClass: 18768K(18880K)->18768K(18880K) Class: 2485K(2624K)->2485K(2624K)
[2024-11-06T04:01:25.064+0530][gc          ] GC(1) Pause Young (Concurrent Start) (Metadata GC Threshold) 21M->10M(1024M) 5.005ms
[2024-11-06T04:01:25.064+0530][gc,cpu      ] GC(1) User=0.03s Sys=0.01s Real=0.01s
[2024-11-06T04:01:25.064+0530][gc          ] GC(2) Concurrent Mark Cycle
[2024-11-06T04:01:25.064+0530][gc,marking  ] GC(2) Concurrent Scan Root Regions
[2024-11-06T04:01:25.067+0530][gc,marking  ] GC(2) Concurrent Scan Root Regions 2.829ms
[2024-11-06T04:01:25.067+0530][gc,marking  ] GC(2) Concurrent Mark
[2024-11-06T04:01:25.067+0530][gc,marking  ] GC(2) Concurrent Mark From Roots
[2024-11-06T04:01:25.067+0530][gc,task     ] GC(2) Using 3 workers of 3 for marking
[2024-11-06T04:01:25.070+0530][gc,marking  ] GC(2) Concurrent Mark From Roots 3.241ms
[2024-11-06T04:01:25.070+0530][gc,marking  ] GC(2) Concurrent Preclean
[2024-11-06T04:01:25.070+0530][gc,marking  ] GC(2) Concurrent Preclean 0.015ms
[2024-11-06T04:01:25.070+0530][gc,start    ] GC(2) Pause Remark
[2024-11-06T04:01:25.072+0530][gc          ] GC(2) Pause Remark 11M->11M(1024M) 1.727ms
[2024-11-06T04:01:25.072+0530][gc,cpu      ] GC(2) User=0.01s Sys=0.00s Real=0.01s
[2024-11-06T04:01:25.072+0530][gc,marking  ] GC(2) Concurrent Mark 5.291ms
[2024-11-06T04:01:25.072+0530][gc,marking  ] GC(2) Concurrent Rebuild Remembered Sets and Scrub Regions
[2024-11-06T04:01:25.074+0530][gc,marking  ] GC(2) Concurrent Rebuild Remembered Sets and Scrub Regions 2.119ms
[2024-11-06T04:01:25.074+0530][gc,start    ] GC(2) Pause Cleanup
[2024-11-06T04:01:25.075+0530][gc          ] GC(2) Pause Cleanup 11M->11M(1024M) 0.171ms
[2024-11-06T04:01:25.075+0530][gc,cpu      ] GC(2) User=0.00s Sys=0.00s Real=0.00s
[2024-11-06T04:01:25.075+0530][gc,marking  ] GC(2) Concurrent Clear Claimed Marks
[2024-11-06T04:01:25.075+0530][gc,marking  ] GC(2) Concurrent Clear Claimed Marks 0.023ms
[2024-11-06T04:01:25.075+0530][gc,marking  ] GC(2) Concurrent Cleanup for Next Mark
[2024-11-06T04:01:25.080+0530][gc,marking  ] GC(2) Concurrent Cleanup for Next Mark 5.455ms
[2024-11-06T04:01:25.080+0530][gc          ] GC(2) Concurrent Mark Cycle 16.281ms
[2024-11-06T04:01:26.142+0530][gc,start    ] GC(3) Pause Young (Prepare Mixed) (G1 Evacuation Pause)
[2024-11-06T04:01:26.142+0530][gc,task     ] GC(3) Using 10 workers of 10 for evacuation
[2024-11-06T04:01:26.149+0530][gc,phases   ] GC(3)   Pre Evacuate Collection Set: 0.4ms
[2024-11-06T04:01:26.149+0530][gc,phases   ] GC(3)   Merge Heap Roots: 0.1ms
[2024-11-06T04:01:26.149+0530][gc,phases   ] GC(3)   Evacuate Collection Set: 4.3ms
[2024-11-06T04:01:26.149+0530][gc,phases   ] GC(3)   Post Evacuate Collection Set: 1.4ms
[2024-11-06T04:01:26.149+0530][gc,phases   ] GC(3)   Other: 0.2ms
[2024-11-06T04:01:26.149+0530][gc,heap     ] GC(3) Eden regions: 49->0(45)
[2024-11-06T04:01:26.149+0530][gc,heap     ] GC(3) Survivor regions: 2->6(7)
[2024-11-06T04:01:26.149+0530][gc,heap     ] GC(3) Old regions: 11->11
[2024-11-06T04:01:26.149+0530][gc,heap     ] GC(3) Humongous regions: 129->129
[2024-11-06T04:01:26.149+0530][gc,metaspace] GC(3) Metaspace: 31104K(31360K)->31104K(31360K) NonClass: 27635K(27776K)->27635K(27776K) Class: 3469K(3584K)->3469K(3584K)
[2024-11-06T04:01:26.149+0530][gc          ] GC(3) Pause Young (Prepare Mixed) (G1 Evacuation Pause) 188M->143M(1024M) 6.746ms
[2024-11-06T04:01:26.149+0530][gc,cpu      ] GC(3) User=0.03s Sys=0.01s Real=0.00s
[2024-11-06T04:01:26.546+0530][gc,heap,exit] Heap
[2024-11-06T04:01:26.546+0530][gc,heap,exit]  garbage-first heap   total 1048576K, used 160170K [0x00000000c0000000, 0x0000000100000000)
[2024-11-06T04:01:26.546+0530][gc,heap,exit]   region size 1024K, 19 young (19456K), 6 survivors (6144K)
[2024-11-06T04:01:26.546+0530][gc,heap,exit]  Metaspace       used 33103K, committed 33408K, reserved 1114112K
[2024-11-06T04:01:26.546+0530][gc,heap,exit]   class space    used 3778K, committed 3904K, reserved 1048576K
