[2024-11-05T02:01:50.711+0530][gc,init] CardTable entry size: 512
[2024-11-05T02:01:50.712+0530][gc     ] Using G1
[2024-11-05T02:01:50.730+0530][gc,init] Version: 21.0.4+7-Ubuntu-1ubuntu224.04 (release)
[2024-11-05T02:01:50.730+0530][gc,init] CPUs: 16 total, 12 available
[2024-11-05T02:01:50.730+0530][gc,init] Memory: 7806M
[2024-11-05T02:01:50.730+0530][gc,init] Large Page Support: Disabled
[2024-11-05T02:01:50.730+0530][gc,init] NUMA Support: Disabled
[2024-11-05T02:01:50.730+0530][gc,init] Compressed Oops: Enabled (32-bit)
[2024-11-05T02:01:50.730+0530][gc,init] Heap Region Size: 1M
[2024-11-05T02:01:50.730+0530][gc,init] Heap Min Capacity: 1G
[2024-11-05T02:01:50.730+0530][gc,init] Heap Initial Capacity: 1G
[2024-11-05T02:01:50.730+0530][gc,init] Heap Max Capacity: 1G
[2024-11-05T02:01:50.730+0530][gc,init] Pre-touch: Disabled
[2024-11-05T02:01:50.730+0530][gc,init] Parallel Workers: 10
[2024-11-05T02:01:50.730+0530][gc,init] Concurrent Workers: 3
[2024-11-05T02:01:50.730+0530][gc,init] Concurrent Refinement Workers: 10
[2024-11-05T02:01:50.730+0530][gc,init] Periodic GC: Disabled
[2024-11-05T02:01:50.745+0530][gc,metaspace] CDS archive(s) mapped at: [0x00007e6f3b000000-0x00007e6f3bcae000-0x00007e6f3bcae000), size 13295616, SharedBaseAddress: 0x00007e6f3b000000, ArchiveRelocationMode: 1.
[2024-11-05T02:01:50.745+0530][gc,metaspace] Compressed class space mapped at: 0x00007e6f3c000000-0x00007e6f7c000000, reserved size: 1073741824
[2024-11-05T02:01:50.745+0530][gc,metaspace] Narrow klass base: 0x00007e6f3b000000, Narrow klass shift: 0, Narrow klass range: 0x100000000
[2024-11-05T02:01:52.346+0530][gc,start    ] GC(0) Pause Young (Normal) (G1 Evacuation Pause)
[2024-11-05T02:01:52.347+0530][gc,task     ] GC(0) Using 10 workers of 10 for evacuation
[2024-11-05T02:01:52.354+0530][gc,phases   ] GC(0)   Pre Evacuate Collection Set: 0.3ms
[2024-11-05T02:01:52.354+0530][gc,phases   ] GC(0)   Merge Heap Roots: 0.2ms
[2024-11-05T02:01:52.354+0530][gc,phases   ] GC(0)   Evacuate Collection Set: 5.4ms
[2024-11-05T02:01:52.354+0530][gc,phases   ] GC(0)   Post Evacuate Collection Set: 0.8ms
[2024-11-05T02:01:52.354+0530][gc,phases   ] GC(0)   Other: 1.4ms
[2024-11-05T02:01:52.354+0530][gc,heap     ] GC(0) Eden regions: 51->0(44)
[2024-11-05T02:01:52.354+0530][gc,heap     ] GC(0) Survivor regions: 0->7(7)
[2024-11-05T02:01:52.354+0530][gc,heap     ] GC(0) Old regions: 2->3
[2024-11-05T02:01:52.354+0530][gc,heap     ] GC(0) Humongous regions: 0->0
[2024-11-05T02:01:52.354+0530][gc,metaspace] GC(0) Metaspace: 18048K(18304K)->18048K(18304K) NonClass: 15969K(16128K)->15969K(16128K) Class: 2079K(2176K)->2079K(2176K)
[2024-11-05T02:01:52.354+0530][gc          ] GC(0) Pause Young (Normal) (G1 Evacuation Pause) 52M->8M(1024M) 8.426ms
[2024-11-05T02:01:52.354+0530][gc,cpu      ] GC(0) User=0.03s Sys=0.02s Real=0.01s
[2024-11-05T02:01:52.611+0530][gc,start    ] GC(1) Pause Young (Concurrent Start) (Metadata GC Threshold)
[2024-11-05T02:01:52.611+0530][gc,task     ] GC(1) Using 10 workers of 10 for evacuation
[2024-11-05T02:01:52.616+0530][gc,phases   ] GC(1)   Pre Evacuate Collection Set: 0.3ms
[2024-11-05T02:01:52.616+0530][gc,phases   ] GC(1)   Merge Heap Roots: 0.1ms
[2024-11-05T02:01:52.616+0530][gc,phases   ] GC(1)   Evacuate Collection Set: 4.2ms
[2024-11-05T02:01:52.616+0530][gc,phases   ] GC(1)   Post Evacuate Collection Set: 0.5ms
[2024-11-05T02:01:52.616+0530][gc,phases   ] GC(1)   Other: 0.1ms
[2024-11-05T02:01:52.616+0530][gc,heap     ] GC(1) Eden regions: 14->0(49)
[2024-11-05T02:01:52.616+0530][gc,heap     ] GC(1) Survivor regions: 7->2(7)
[2024-11-05T02:01:52.616+0530][gc,heap     ] GC(1) Old regions: 3->11
[2024-11-05T02:01:52.616+0530][gc,heap     ] GC(1) Humongous regions: 0->0
[2024-11-05T02:01:52.616+0530][gc,metaspace] GC(1) Metaspace: 21231K(21504K)->21231K(21504K) NonClass: 18733K(18880K)->18733K(18880K) Class: 2498K(2624K)->2498K(2624K)
[2024-11-05T02:01:52.616+0530][gc          ] GC(1) Pause Young (Concurrent Start) (Metadata GC Threshold) 22M->10M(1024M) 5.317ms
[2024-11-05T02:01:52.616+0530][gc,cpu      ] GC(1) User=0.03s Sys=0.01s Real=0.01s
[2024-11-05T02:01:52.616+0530][gc          ] GC(2) Concurrent Mark Cycle
[2024-11-05T02:01:52.616+0530][gc,marking  ] GC(2) Concurrent Scan Root Regions
[2024-11-05T02:01:52.619+0530][gc,marking  ] GC(2) Concurrent Scan Root Regions 2.743ms
[2024-11-05T02:01:52.619+0530][gc,marking  ] GC(2) Concurrent Mark
[2024-11-05T02:01:52.619+0530][gc,marking  ] GC(2) Concurrent Mark From Roots
[2024-11-05T02:01:52.619+0530][gc,task     ] GC(2) Using 3 workers of 3 for marking
[2024-11-05T02:01:52.622+0530][gc,marking  ] GC(2) Concurrent Mark From Roots 3.361ms
[2024-11-05T02:01:52.622+0530][gc,marking  ] GC(2) Concurrent Preclean
[2024-11-05T02:01:52.622+0530][gc,marking  ] GC(2) Concurrent Preclean 0.009ms
[2024-11-05T02:01:52.623+0530][gc,start    ] GC(2) Pause Remark
[2024-11-05T02:01:52.625+0530][gc          ] GC(2) Pause Remark 11M->11M(1024M) 1.981ms
[2024-11-05T02:01:52.625+0530][gc,cpu      ] GC(2) User=0.01s Sys=0.00s Real=0.00s
[2024-11-05T02:01:52.625+0530][gc,marking  ] GC(2) Concurrent Mark 6.096ms
[2024-11-05T02:01:52.625+0530][gc,marking  ] GC(2) Concurrent Rebuild Remembered Sets and Scrub Regions
[2024-11-05T02:01:52.627+0530][gc,marking  ] GC(2) Concurrent Rebuild Remembered Sets and Scrub Regions 2.113ms
[2024-11-05T02:01:52.627+0530][gc,start    ] GC(2) Pause Cleanup
[2024-11-05T02:01:52.627+0530][gc          ] GC(2) Pause Cleanup 11M->11M(1024M) 0.248ms
[2024-11-05T02:01:52.627+0530][gc,cpu      ] GC(2) User=0.00s Sys=0.00s Real=0.00s
[2024-11-05T02:01:52.628+0530][gc,marking  ] GC(2) Concurrent Clear Claimed Marks
[2024-11-05T02:01:52.628+0530][gc,marking  ] GC(2) Concurrent Clear Claimed Marks 0.032ms
[2024-11-05T02:01:52.628+0530][gc,marking  ] GC(2) Concurrent Cleanup for Next Mark
[2024-11-05T02:01:52.634+0530][gc,marking  ] GC(2) Concurrent Cleanup for Next Mark 6.305ms
[2024-11-05T02:01:52.634+0530][gc          ] GC(2) Concurrent Mark Cycle 17.959ms
[2024-11-05T02:01:53.552+0530][gc,start    ] GC(3) Pause Young (Prepare Mixed) (G1 Evacuation Pause)
[2024-11-05T02:01:53.552+0530][gc,task     ] GC(3) Using 10 workers of 10 for evacuation
[2024-11-05T02:01:53.556+0530][gc,phases   ] GC(3)   Pre Evacuate Collection Set: 0.2ms
[2024-11-05T02:01:53.556+0530][gc,phases   ] GC(3)   Merge Heap Roots: 0.1ms
[2024-11-05T02:01:53.556+0530][gc,phases   ] GC(3)   Evacuate Collection Set: 3.3ms
[2024-11-05T02:01:53.556+0530][gc,phases   ] GC(3)   Post Evacuate Collection Set: 0.8ms
[2024-11-05T02:01:53.556+0530][gc,phases   ] GC(3)   Other: 0.1ms
[2024-11-05T02:01:53.556+0530][gc,heap     ] GC(3) Eden regions: 49->0(44)
[2024-11-05T02:01:53.556+0530][gc,heap     ] GC(3) Survivor regions: 2->7(7)
[2024-11-05T02:01:53.556+0530][gc,heap     ] GC(3) Old regions: 11->11
[2024-11-05T02:01:53.556+0530][gc,heap     ] GC(3) Humongous regions: 129->129
[2024-11-05T02:01:53.556+0530][gc,metaspace] GC(3) Metaspace: 32704K(32960K)->32704K(32960K) NonClass: 29160K(29312K)->29160K(29312K) Class: 3544K(3648K)->3544K(3648K)
[2024-11-05T02:01:53.557+0530][gc          ] GC(3) Pause Young (Prepare Mixed) (G1 Evacuation Pause) 188M->144M(1024M) 4.615ms
[2024-11-05T02:01:53.557+0530][gc,cpu      ] GC(3) User=0.03s Sys=0.00s Real=0.01s
[2024-11-05T02:01:53.703+0530][gc,start    ] GC(4) Pause Young (Mixed) (Metadata GC Threshold)
[2024-11-05T02:01:53.703+0530][gc,task     ] GC(4) Using 10 workers of 10 for evacuation
[2024-11-05T02:01:53.709+0530][gc,phases   ] GC(4)   Pre Evacuate Collection Set: 0.3ms
[2024-11-05T02:01:53.709+0530][gc,phases   ] GC(4)   Merge Heap Roots: 0.0ms
[2024-11-05T02:01:53.709+0530][gc,phases   ] GC(4)   Evacuate Collection Set: 3.8ms
[2024-11-05T02:01:53.709+0530][gc,phases   ] GC(4)   Post Evacuate Collection Set: 1.3ms
[2024-11-05T02:01:53.709+0530][gc,phases   ] GC(4)   Other: 0.1ms
[2024-11-05T02:01:53.709+0530][gc,heap     ] GC(4) Eden regions: 14->0(49)
[2024-11-05T02:01:53.709+0530][gc,heap     ] GC(4) Survivor regions: 7->2(7)
[2024-11-05T02:01:53.709+0530][gc,heap     ] GC(4) Old regions: 11->16
[2024-11-05T02:01:53.709+0530][gc,heap     ] GC(4) Humongous regions: 129->129
[2024-11-05T02:01:53.709+0530][gc,metaspace] GC(4) Metaspace: 35919K(36160K)->35919K(36160K) NonClass: 31951K(32064K)->31951K(32064K) Class: 3968K(4096K)->3968K(4096K)
[2024-11-05T02:01:53.709+0530][gc          ] GC(4) Pause Young (Mixed) (Metadata GC Threshold) 158M->145M(1024M) 5.768ms
[2024-11-05T02:01:53.709+0530][gc,cpu      ] GC(4) User=0.03s Sys=0.01s Real=0.00s
[2024-11-05T02:01:53.729+0530][gc,start    ] GC(5) Pause Young (Concurrent Start) (Metadata GC Threshold)
[2024-11-05T02:01:53.729+0530][gc,task     ] GC(5) Using 10 workers of 10 for evacuation
[2024-11-05T02:01:53.730+0530][gc,phases   ] GC(5)   Pre Evacuate Collection Set: 0.3ms
[2024-11-05T02:01:53.730+0530][gc,phases   ] GC(5)   Merge Heap Roots: 0.1ms
[2024-11-05T02:01:53.730+0530][gc,phases   ] GC(5)   Evacuate Collection Set: 0.9ms
[2024-11-05T02:01:53.730+0530][gc,phases   ] GC(5)   Post Evacuate Collection Set: 0.3ms
[2024-11-05T02:01:53.730+0530][gc,phases   ] GC(5)   Other: 0.1ms
[2024-11-05T02:01:53.730+0530][gc,heap     ] GC(5) Eden regions: 2->0(50)
[2024-11-05T02:01:53.730+0530][gc,heap     ] GC(5) Survivor regions: 2->1(7)
[2024-11-05T02:01:53.730+0530][gc,heap     ] GC(5) Old regions: 16->16
[2024-11-05T02:01:53.730+0530][gc,heap     ] GC(5) Humongous regions: 129->129
[2024-11-05T02:01:53.730+0530][gc,metaspace] GC(5) Metaspace: 36192K(36480K)->36192K(36480K) NonClass: 32189K(32384K)->32189K(32384K) Class: 4002K(4096K)->4002K(4096K)
[2024-11-05T02:01:53.730+0530][gc          ] GC(5) Pause Young (Concurrent Start) (Metadata GC Threshold) 147M->145M(1024M) 1.831ms
[2024-11-05T02:01:53.730+0530][gc          ] GC(6) Concurrent Mark Cycle
[2024-11-05T02:01:53.730+0530][gc,marking  ] GC(6) Concurrent Scan Root Regions
[2024-11-05T02:01:53.730+0530][gc,cpu      ] GC(5) User=0.01s Sys=0.00s Real=0.00s
[2024-11-05T02:01:53.732+0530][gc,marking  ] GC(6) Concurrent Scan Root Regions 1.374ms
[2024-11-05T02:01:53.732+0530][gc,marking  ] GC(6) Concurrent Mark
[2024-11-05T02:01:53.732+0530][gc,marking  ] GC(6) Concurrent Mark From Roots
[2024-11-05T02:01:53.732+0530][gc,task     ] GC(6) Using 3 workers of 3 for marking
[2024-11-05T02:01:53.743+0530][gc,marking  ] GC(6) Concurrent Mark From Roots 10.723ms
[2024-11-05T02:01:53.743+0530][gc,marking  ] GC(6) Concurrent Preclean
[2024-11-05T02:01:53.743+0530][gc,marking  ] GC(6) Concurrent Preclean 0.075ms
[2024-11-05T02:01:53.743+0530][gc,start    ] GC(6) Pause Remark
[2024-11-05T02:01:53.744+0530][gc          ] GC(6) Pause Remark 146M->146M(1024M) 1.501ms
[2024-11-05T02:01:53.744+0530][gc,cpu      ] GC(6) User=0.01s Sys=0.00s Real=0.00s
[2024-11-05T02:01:53.744+0530][gc,marking  ] GC(6) Concurrent Mark 12.591ms
[2024-11-05T02:01:53.744+0530][gc,marking  ] GC(6) Concurrent Rebuild Remembered Sets and Scrub Regions
[2024-11-05T02:01:53.749+0530][gc,marking  ] GC(6) Concurrent Rebuild Remembered Sets and Scrub Regions 4.489ms
[2024-11-05T02:01:53.749+0530][gc,start    ] GC(6) Pause Cleanup
[2024-11-05T02:01:53.749+0530][gc          ] GC(6) Pause Cleanup 146M->146M(1024M) 0.340ms
[2024-11-05T02:01:53.749+0530][gc,cpu      ] GC(6) User=0.00s Sys=0.00s Real=0.00s
[2024-11-05T02:01:53.749+0530][gc,marking  ] GC(6) Concurrent Clear Claimed Marks
[2024-11-05T02:01:53.749+0530][gc,marking  ] GC(6) Concurrent Clear Claimed Marks 0.042ms
[2024-11-05T02:01:53.749+0530][gc,marking  ] GC(6) Concurrent Cleanup for Next Mark
[2024-11-05T02:01:53.752+0530][gc,marking  ] GC(6) Concurrent Cleanup for Next Mark 2.195ms
[2024-11-05T02:01:53.752+0530][gc          ] GC(6) Concurrent Mark Cycle 21.423ms
[2024-11-05T02:17:23.598+0530][gc,start    ] GC(7) Pause Young (Prepare Mixed) (G1 Evacuation Pause)
[2024-11-05T02:17:23.598+0530][gc,task     ] GC(7) Using 10 workers of 10 for evacuation
[2024-11-05T02:17:23.604+0530][gc,phases   ] GC(7)   Pre Evacuate Collection Set: 0.5ms
[2024-11-05T02:17:23.604+0530][gc,phases   ] GC(7)   Merge Heap Roots: 0.2ms
[2024-11-05T02:17:23.604+0530][gc,phases   ] GC(7)   Evacuate Collection Set: 3.7ms
[2024-11-05T02:17:23.604+0530][gc,phases   ] GC(7)   Post Evacuate Collection Set: 1.5ms
[2024-11-05T02:17:23.604+0530][gc,phases   ] GC(7)   Other: 0.1ms
[2024-11-05T02:17:23.604+0530][gc,heap     ] GC(7) Eden regions: 50->0(47)
[2024-11-05T02:17:23.604+0530][gc,heap     ] GC(7) Survivor regions: 1->4(7)
[2024-11-05T02:17:23.604+0530][gc,heap     ] GC(7) Old regions: 16->16
[2024-11-05T02:17:23.604+0530][gc,heap     ] GC(7) Humongous regions: 129->129
[2024-11-05T02:17:23.604+0530][gc,metaspace] GC(7) Metaspace: 41571K(42112K)->41571K(42112K) NonClass: 36798K(37120K)->36798K(37120K) Class: 4772K(4992K)->4772K(4992K)
[2024-11-05T02:17:23.604+0530][gc          ] GC(7) Pause Young (Prepare Mixed) (G1 Evacuation Pause) 195M->148M(1024M) 6.331ms
[2024-11-05T02:17:23.604+0530][gc,cpu      ] GC(7) User=0.04s Sys=0.01s Real=0.01s
[2024-11-05T02:35:53.086+0530][gc,start    ] GC(8) Pause Young (Mixed) (G1 Evacuation Pause)
[2024-11-05T02:35:53.086+0530][gc,task     ] GC(8) Using 10 workers of 10 for evacuation
[2024-11-05T02:35:53.092+0530][gc,phases   ] GC(8)   Pre Evacuate Collection Set: 0.4ms
[2024-11-05T02:35:53.092+0530][gc,phases   ] GC(8)   Merge Heap Roots: 0.1ms
[2024-11-05T02:35:53.092+0530][gc,phases   ] GC(8)   Evacuate Collection Set: 3.9ms
[2024-11-05T02:35:53.092+0530][gc,phases   ] GC(8)   Post Evacuate Collection Set: 1.1ms
[2024-11-05T02:35:53.092+0530][gc,phases   ] GC(8)   Other: 0.2ms
[2024-11-05T02:35:53.092+0530][gc,heap     ] GC(8) Eden regions: 47->0(46)
[2024-11-05T02:35:53.092+0530][gc,heap     ] GC(8) Survivor regions: 4->5(7)
[2024-11-05T02:35:53.092+0530][gc,heap     ] GC(8) Old regions: 16->16
[2024-11-05T02:35:53.092+0530][gc,heap     ] GC(8) Humongous regions: 129->129
[2024-11-05T02:35:53.092+0530][gc,metaspace] GC(8) Metaspace: 41755K(42304K)->41755K(42304K) NonClass: 36982K(37312K)->36982K(37312K) Class: 4773K(4992K)->4773K(4992K)
[2024-11-05T02:35:53.092+0530][gc          ] GC(8) Pause Young (Mixed) (G1 Evacuation Pause) 195M->148M(1024M) 6.093ms
[2024-11-05T02:35:53.092+0530][gc,cpu      ] GC(8) User=0.04s Sys=0.00s Real=0.01s
[2024-11-05T02:55:01.580+0530][gc,start    ] GC(9) Pause Young (Normal) (G1 Evacuation Pause)
[2024-11-05T02:55:01.663+0530][gc,task     ] GC(9) Using 10 workers of 10 for evacuation
[2024-11-05T02:55:01.670+0530][gc,phases   ] GC(9)   Pre Evacuate Collection Set: 0.4ms
[2024-11-05T02:55:01.670+0530][gc,phases   ] GC(9)   Merge Heap Roots: 0.1ms
[2024-11-05T02:55:01.670+0530][gc,phases   ] GC(9)   Evacuate Collection Set: 4.3ms
[2024-11-05T02:55:01.670+0530][gc,phases   ] GC(9)   Post Evacuate Collection Set: 1.1ms
[2024-11-05T02:55:01.670+0530][gc,phases   ] GC(9)   Other: 0.2ms
[2024-11-05T02:55:01.670+0530][gc,heap     ] GC(9) Eden regions: 46->0(47)
[2024-11-05T02:55:01.670+0530][gc,heap     ] GC(9) Survivor regions: 5->4(7)
[2024-11-05T02:55:01.670+0530][gc,heap     ] GC(9) Old regions: 16->16
[2024-11-05T02:55:01.670+0530][gc,heap     ] GC(9) Humongous regions: 129->129
[2024-11-05T02:55:01.670+0530][gc,metaspace] GC(9) Metaspace: 41818K(42368K)->41818K(42368K) NonClass: 37045K(37376K)->37045K(37376K) Class: 4773K(4992K)->4773K(4992K)
[2024-11-05T02:55:01.670+0530][gc          ] GC(9) Pause Young (Normal) (G1 Evacuation Pause) 194M->148M(1024M) 89.483ms
[2024-11-05T02:55:01.670+0530][gc,cpu      ] GC(9) User=0.04s Sys=0.01s Real=0.09s
[2024-11-05T03:18:36.311+0530][gc,start    ] GC(10) Pause Young (Normal) (G1 Evacuation Pause)
[2024-11-05T03:18:36.311+0530][gc,task     ] GC(10) Using 10 workers of 10 for evacuation
[2024-11-05T03:18:36.321+0530][gc,phases   ] GC(10)   Pre Evacuate Collection Set: 0.4ms
[2024-11-05T03:18:36.321+0530][gc,phases   ] GC(10)   Merge Heap Roots: 0.1ms
[2024-11-05T03:18:36.321+0530][gc,phases   ] GC(10)   Evacuate Collection Set: 8.1ms
[2024-11-05T03:18:36.321+0530][gc,phases   ] GC(10)   Post Evacuate Collection Set: 1.2ms
[2024-11-05T03:18:36.321+0530][gc,phases   ] GC(10)   Other: 0.1ms
[2024-11-05T03:18:36.321+0530][gc,heap     ] GC(10) Eden regions: 47->0(47)
[2024-11-05T03:18:36.321+0530][gc,heap     ] GC(10) Survivor regions: 4->4(7)
[2024-11-05T03:18:36.321+0530][gc,heap     ] GC(10) Old regions: 16->16
[2024-11-05T03:18:36.321+0530][gc,heap     ] GC(10) Humongous regions: 129->129
[2024-11-05T03:18:36.321+0530][gc,metaspace] GC(10) Metaspace: 41930K(42496K)->41930K(42496K) NonClass: 37153K(37504K)->37153K(37504K) Class: 4777K(4992K)->4777K(4992K)
[2024-11-05T03:18:36.321+0530][gc          ] GC(10) Pause Young (Normal) (G1 Evacuation Pause) 195M->148M(1024M) 10.393ms
[2024-11-05T03:18:36.321+0530][gc,cpu      ] GC(10) User=0.03s Sys=0.00s Real=0.01s
[2024-11-05T03:31:19.087+0530][gc,start    ] GC(11) Pause Young (Normal) (G1 Evacuation Pause)
[2024-11-05T03:31:19.188+0530][gc,task     ] GC(11) Using 10 workers of 10 for evacuation
[2024-11-05T03:31:19.232+0530][gc,mmu      ] GC(11) MMU target violated: 21.0ms (20.0ms/21.0ms)
[2024-11-05T03:31:19.232+0530][gc,phases   ] GC(11)   Pre Evacuate Collection Set: 10.1ms
[2024-11-05T03:31:19.232+0530][gc,phases   ] GC(11)   Merge Heap Roots: 3.0ms
[2024-11-05T03:31:19.232+0530][gc,phases   ] GC(11)   Evacuate Collection Set: 25.5ms
[2024-11-05T03:31:19.232+0530][gc,phases   ] GC(11)   Post Evacuate Collection Set: 4.0ms
[2024-11-05T03:31:19.232+0530][gc,phases   ] GC(11)   Other: 1.8ms
[2024-11-05T03:31:19.232+0530][gc,heap     ] GC(11) Eden regions: 47->0(47)
[2024-11-05T03:31:19.232+0530][gc,heap     ] GC(11) Survivor regions: 4->4(7)
[2024-11-05T03:31:19.232+0530][gc,heap     ] GC(11) Old regions: 16->16
[2024-11-05T03:31:19.232+0530][gc,heap     ] GC(11) Humongous regions: 129->129
[2024-11-05T03:31:19.232+0530][gc,metaspace] GC(11) Metaspace: 41935K(42496K)->41935K(42496K) NonClass: 37157K(37504K)->37157K(37504K) Class: 4777K(4992K)->4777K(4992K)
[2024-11-05T03:31:19.232+0530][gc          ] GC(11) Pause Young (Normal) (G1 Evacuation Pause) 195M->148M(1024M) 144.892ms
[2024-11-05T03:31:19.232+0530][gc,cpu      ] GC(11) User=0.03s Sys=0.06s Real=0.15s
[2024-11-05T03:44:06.706+0530][gc,start    ] GC(12) Pause Young (Normal) (G1 Evacuation Pause)
[2024-11-05T03:44:06.706+0530][gc,task     ] GC(12) Using 10 workers of 10 for evacuation
[2024-11-05T03:44:06.718+0530][gc,phases   ] GC(12)   Pre Evacuate Collection Set: 0.3ms
[2024-11-05T03:44:06.718+0530][gc,phases   ] GC(12)   Merge Heap Roots: 0.1ms
[2024-11-05T03:44:06.718+0530][gc,phases   ] GC(12)   Evacuate Collection Set: 11.5ms
[2024-11-05T03:44:06.718+0530][gc,phases   ] GC(12)   Post Evacuate Collection Set: 0.4ms
[2024-11-05T03:44:06.718+0530][gc,phases   ] GC(12)   Other: 0.1ms
[2024-11-05T03:44:06.718+0530][gc,heap     ] GC(12) Eden regions: 47->0(47)
[2024-11-05T03:44:06.718+0530][gc,heap     ] GC(12) Survivor regions: 4->4(7)
[2024-11-05T03:44:06.718+0530][gc,heap     ] GC(12) Old regions: 16->16
[2024-11-05T03:44:06.718+0530][gc,heap     ] GC(12) Humongous regions: 129->129
[2024-11-05T03:44:06.718+0530][gc,metaspace] GC(12) Metaspace: 41946K(42496K)->41946K(42496K) NonClass: 37168K(37504K)->37168K(37504K) Class: 4777K(4992K)->4777K(4992K)
[2024-11-05T03:44:06.718+0530][gc          ] GC(12) Pause Young (Normal) (G1 Evacuation Pause) 195M->148M(1024M) 12.578ms
[2024-11-05T03:44:06.718+0530][gc,cpu      ] GC(12) User=0.02s Sys=0.01s Real=0.01s
[2024-11-05T03:56:51.723+0530][gc,start    ] GC(13) Pause Young (Normal) (G1 Evacuation Pause)
[2024-11-05T03:56:51.723+0530][gc,task     ] GC(13) Using 10 workers of 10 for evacuation
[2024-11-05T03:56:51.728+0530][gc,phases   ] GC(13)   Pre Evacuate Collection Set: 0.2ms
[2024-11-05T03:56:51.728+0530][gc,phases   ] GC(13)   Merge Heap Roots: 0.1ms
[2024-11-05T03:56:51.728+0530][gc,phases   ] GC(13)   Evacuate Collection Set: 3.6ms
[2024-11-05T03:56:51.728+0530][gc,phases   ] GC(13)   Post Evacuate Collection Set: 0.7ms
[2024-11-05T03:56:51.728+0530][gc,phases   ] GC(13)   Other: 0.1ms
[2024-11-05T03:56:51.728+0530][gc,heap     ] GC(13) Eden regions: 47->0(47)
[2024-11-05T03:56:51.728+0530][gc,heap     ] GC(13) Survivor regions: 4->4(7)
[2024-11-05T03:56:51.728+0530][gc,heap     ] GC(13) Old regions: 16->16
[2024-11-05T03:56:51.728+0530][gc,heap     ] GC(13) Humongous regions: 129->129
[2024-11-05T03:56:51.728+0530][gc,metaspace] GC(13) Metaspace: 41982K(42496K)->41982K(42496K) NonClass: 37204K(37504K)->37204K(37504K) Class: 4777K(4992K)->4777K(4992K)
[2024-11-05T03:56:51.728+0530][gc          ] GC(13) Pause Young (Normal) (G1 Evacuation Pause) 195M->148M(1024M) 5.000ms
[2024-11-05T03:56:51.728+0530][gc,cpu      ] GC(13) User=0.03s Sys=0.00s Real=0.00s
[2024-11-05T04:09:39.553+0530][gc,start    ] GC(14) Pause Young (Normal) (G1 Evacuation Pause)
[2024-11-05T04:09:39.553+0530][gc,task     ] GC(14) Using 10 workers of 10 for evacuation
[2024-11-05T04:09:39.561+0530][gc,phases   ] GC(14)   Pre Evacuate Collection Set: 0.5ms
[2024-11-05T04:09:39.561+0530][gc,phases   ] GC(14)   Merge Heap Roots: 0.1ms
[2024-11-05T04:09:39.561+0530][gc,phases   ] GC(14)   Evacuate Collection Set: 6.7ms
[2024-11-05T04:09:39.562+0530][gc,phases   ] GC(14)   Post Evacuate Collection Set: 0.9ms
[2024-11-05T04:09:39.562+0530][gc,phases   ] GC(14)   Other: 0.1ms
[2024-11-05T04:09:39.562+0530][gc,heap     ] GC(14) Eden regions: 47->0(57)
[2024-11-05T04:09:39.562+0530][gc,heap     ] GC(14) Survivor regions: 4->4(7)
[2024-11-05T04:09:39.562+0530][gc,heap     ] GC(14) Old regions: 16->16
[2024-11-05T04:09:39.562+0530][gc,heap     ] GC(14) Humongous regions: 129->129
[2024-11-05T04:09:39.562+0530][gc,metaspace] GC(14) Metaspace: 41986K(42496K)->41986K(42496K) NonClass: 37208K(37504K)->37208K(37504K) Class: 4777K(4992K)->4777K(4992K)
[2024-11-05T04:09:39.562+0530][gc          ] GC(14) Pause Young (Normal) (G1 Evacuation Pause) 195M->148M(1024M) 8.747ms
[2024-11-05T04:09:39.562+0530][gc,cpu      ] GC(14) User=0.03s Sys=0.00s Real=0.01s
[2024-11-05T04:24:44.028+0530][gc,start    ] GC(15) Pause Young (Normal) (G1 Evacuation Pause)
[2024-11-05T04:24:44.044+0530][gc,task     ] GC(15) Using 10 workers of 10 for evacuation
[2024-11-05T04:24:44.054+0530][gc,phases   ] GC(15)   Pre Evacuate Collection Set: 0.4ms
[2024-11-05T04:24:44.054+0530][gc,phases   ] GC(15)   Merge Heap Roots: 0.3ms
[2024-11-05T04:24:44.054+0530][gc,phases   ] GC(15)   Evacuate Collection Set: 2.9ms
[2024-11-05T04:24:44.054+0530][gc,phases   ] GC(15)   Post Evacuate Collection Set: 0.9ms
[2024-11-05T04:24:44.054+0530][gc,phases   ] GC(15)   Other: 6.3ms
[2024-11-05T04:24:44.054+0530][gc,heap     ] GC(15) Eden regions: 57->0(275)
[2024-11-05T04:24:44.054+0530][gc,heap     ] GC(15) Survivor regions: 4->4(8)
[2024-11-05T04:24:44.054+0530][gc,heap     ] GC(15) Old regions: 16->16
[2024-11-05T04:24:44.054+0530][gc,heap     ] GC(15) Humongous regions: 129->129
[2024-11-05T04:24:44.055+0530][gc,metaspace] GC(15) Metaspace: 42019K(42560K)->42019K(42560K) NonClass: 37242K(37568K)->37242K(37568K) Class: 4777K(4992K)->4777K(4992K)
[2024-11-05T04:24:44.055+0530][gc          ] GC(15) Pause Young (Normal) (G1 Evacuation Pause) 205M->148M(1024M) 26.827ms
[2024-11-05T04:24:44.055+0530][gc,cpu      ] GC(15) User=0.03s Sys=0.01s Real=0.03s
[2024-11-05T04:25:18.115+0530][gc,heap,exit] Heap
[2024-11-05T04:25:18.115+0530][gc,heap,exit]  garbage-first heap   total 1048576K, used 165542K [0x00000000c0000000, 0x0000000100000000)
[2024-11-05T04:25:18.115+0530][gc,heap,exit]   region size 1024K, 18 young (18432K), 4 survivors (4096K)
[2024-11-05T04:25:18.115+0530][gc,heap,exit]  Metaspace       used 43016K, committed 43584K, reserved 1114112K
[2024-11-05T04:25:18.115+0530][gc,heap,exit]   class space    used 4970K, committed 5184K, reserved 1048576K
