[2024-11-06T04:00:51.449+0530][gc,init] CardTable entry size: 512
[2024-11-06T04:00:51.450+0530][gc     ] Using G1
[2024-11-06T04:00:51.469+0530][gc,init] Version: 21.0.4+7-Ubuntu-1ubuntu224.04 (release)
[2024-11-06T04:00:51.469+0530][gc,init] CPUs: 16 total, 12 available
[2024-11-06T04:00:51.469+0530][gc,init] Memory: 7806M
[2024-11-06T04:00:51.469+0530][gc,init] Large Page Support: Disabled
[2024-11-06T04:00:51.469+0530][gc,init] NUMA Support: Disabled
[2024-11-06T04:00:51.469+0530][gc,init] Compressed Oops: Enabled (32-bit)
[2024-11-06T04:00:51.469+0530][gc,init] Heap Region Size: 1M
[2024-11-06T04:00:51.469+0530][gc,init] Heap Min Capacity: 1G
[2024-11-06T04:00:51.469+0530][gc,init] Heap Initial Capacity: 1G
[2024-11-06T04:00:51.469+0530][gc,init] Heap Max Capacity: 1G
[2024-11-06T04:00:51.469+0530][gc,init] Pre-touch: Disabled
[2024-11-06T04:00:51.469+0530][gc,init] Parallel Workers: 10
[2024-11-06T04:00:51.469+0530][gc,init] Concurrent Workers: 3
[2024-11-06T04:00:51.469+0530][gc,init] Concurrent Refinement Workers: 10
[2024-11-06T04:00:51.469+0530][gc,init] Periodic GC: Disabled
[2024-11-06T04:00:51.482+0530][gc,metaspace] CDS archive(s) mapped at: [0x0000729e8f000000-0x0000729e8fcae000-0x0000729e8fcae000), size 13295616, SharedBaseAddress: 0x0000729e8f000000, ArchiveRelocationMode: 1.
[2024-11-06T04:00:51.482+0530][gc,metaspace] Compressed class space mapped at: 0x0000729e90000000-0x0000729ed0000000, reserved size: 1073741824
[2024-11-06T04:00:51.482+0530][gc,metaspace] Narrow klass base: 0x0000729e8f000000, Narrow klass shift: 0, Narrow klass range: 0x100000000
[2024-11-06T04:01:12.173+0530][gc,heap,exit] Heap
[2024-11-06T04:01:12.173+0530][gc,heap,exit]  garbage-first heap   total 1048576K, used 47134K [0x00000000c0000000, 0x0000000100000000)
[2024-11-06T04:01:12.173+0530][gc,heap,exit]   region size 1024K, 45 young (46080K), 0 survivors (0K)
[2024-11-06T04:01:12.173+0530][gc,heap,exit]  Metaspace       used 15449K, committed 15680K, reserved 1114112K
[2024-11-06T04:01:12.173+0530][gc,heap,exit]   class space    used 1835K, committed 1920K, reserved 1048576K
