[2024-11-05T01:59:55.981+0530][gc,init] CardTable entry size: 512
[2024-11-05T01:59:55.981+0530][gc     ] Using G1
[2024-11-05T01:59:55.999+0530][gc,init] Version: 21.0.4+7-Ubuntu-1ubuntu224.04 (release)
[2024-11-05T01:59:55.999+0530][gc,init] CPUs: 16 total, 12 available
[2024-11-05T01:59:55.999+0530][gc,init] Memory: 7806M
[2024-11-05T01:59:55.999+0530][gc,init] Large Page Support: Disabled
[2024-11-05T01:59:55.999+0530][gc,init] NUMA Support: Disabled
[2024-11-05T01:59:55.999+0530][gc,init] Compressed Oops: Enabled (32-bit)
[2024-11-05T01:59:55.999+0530][gc,init] Heap Region Size: 1M
[2024-11-05T01:59:55.999+0530][gc,init] Heap Min Capacity: 1G
[2024-11-05T01:59:55.999+0530][gc,init] Heap Initial Capacity: 1G
[2024-11-05T01:59:55.999+0530][gc,init] Heap Max Capacity: 1G
[2024-11-05T01:59:55.999+0530][gc,init] Pre-touch: Disabled
[2024-11-05T01:59:55.999+0530][gc,init] Parallel Workers: 10
[2024-11-05T01:59:55.999+0530][gc,init] Concurrent Workers: 3
[2024-11-05T01:59:55.999+0530][gc,init] Concurrent Refinement Workers: 10
[2024-11-05T01:59:55.999+0530][gc,init] Periodic GC: Disabled
[2024-11-05T01:59:56.015+0530][gc,metaspace] CDS archive(s) mapped at: [0x00007f8613000000-0x00007f8613cae000-0x00007f8613cae000), size 13295616, SharedBaseAddress: 0x00007f8613000000, ArchiveRelocationMode: 1.
[2024-11-05T01:59:56.015+0530][gc,metaspace] Compressed class space mapped at: 0x00007f8614000000-0x00007f8654000000, reserved size: 1073741824
[2024-11-05T01:59:56.015+0530][gc,metaspace] Narrow klass base: 0x00007f8613000000, Narrow klass shift: 0, Narrow klass range: 0x100000000
[2024-11-05T01:59:56.908+0530][gc,heap,exit] Heap
[2024-11-05T01:59:56.908+0530][gc,heap,exit]  garbage-first heap   total 1048576K, used 29726K [0x00000000c0000000, 0x0000000100000000)
[2024-11-05T01:59:56.908+0530][gc,heap,exit]   region size 1024K, 28 young (28672K), 0 survivors (0K)
[2024-11-05T01:59:56.908+0530][gc,heap,exit]  Metaspace       used 10172K, committed 10432K, reserved 1114112K
[2024-11-05T01:59:56.908+0530][gc,heap,exit]   class space    used 1162K, committed 1280K, reserved 1048576K
