[2024-10-29T18:44:24.610+0530][gc,init] CardTable entry size: 512
[2024-10-29T18:44:24.610+0530][gc     ] Using G1
[2024-10-29T18:44:24.620+0530][gc,init] Version: 21.0.4+7-Ubuntu-1ubuntu224.04 (release)
[2024-10-29T18:44:24.621+0530][gc,init] CPUs: 16 total, 12 available
[2024-10-29T18:44:24.621+0530][gc,init] Memory: 7806M
[2024-10-29T18:44:24.621+0530][gc,init] Large Page Support: Disabled
[2024-10-29T18:44:24.621+0530][gc,init] NUMA Support: Disabled
[2024-10-29T18:44:24.621+0530][gc,init] Compressed Oops: Enabled (32-bit)
[2024-10-29T18:44:24.621+0530][gc,init] Heap Region Size: 1M
[2024-10-29T18:44:24.621+0530][gc,init] Heap Min Capacity: 1G
[2024-10-29T18:44:24.621+0530][gc,init] Heap Initial Capacity: 1G
[2024-10-29T18:44:24.621+0530][gc,init] Heap Max Capacity: 1G
[2024-10-29T18:44:24.621+0530][gc,init] Pre-touch: Disabled
[2024-10-29T18:44:24.621+0530][gc,init] Parallel Workers: 10
[2024-10-29T18:44:24.621+0530][gc,init] Concurrent Workers: 3
[2024-10-29T18:44:24.621+0530][gc,init] Concurrent Refinement Workers: 10
[2024-10-29T18:44:24.621+0530][gc,init] Periodic GC: Disabled
[2024-10-29T18:44:24.631+0530][gc,metaspace] CDS archive(s) mapped at: [0x0000756837000000-0x0000756837cae000-0x0000756837cae000), size 13295616, SharedBaseAddress: 0x0000756837000000, ArchiveRelocationMode: 1.
[2024-10-29T18:44:24.631+0530][gc,metaspace] Compressed class space mapped at: 0x0000756838000000-0x0000756878000000, reserved size: 1073741824
[2024-10-29T18:44:24.631+0530][gc,metaspace] Narrow klass base: 0x0000756837000000, Narrow klass shift: 0, Narrow klass range: 0x100000000
[2024-10-29T18:44:25.994+0530][gc,start    ] GC(0) Pause Young (Normal) (G1 Evacuation Pause)
[2024-10-29T18:44:25.995+0530][gc,task     ] GC(0) Using 10 workers of 10 for evacuation
[2024-10-29T18:44:26.001+0530][gc,phases   ] GC(0)   Pre Evacuate Collection Set: 0.3ms
[2024-10-29T18:44:26.001+0530][gc,phases   ] GC(0)   Merge Heap Roots: 0.1ms
[2024-10-29T18:44:26.001+0530][gc,phases   ] GC(0)   Evacuate Collection Set: 4.1ms
[2024-10-29T18:44:26.001+0530][gc,phases   ] GC(0)   Post Evacuate Collection Set: 1.1ms
[2024-10-29T18:44:26.001+0530][gc,phases   ] GC(0)   Other: 1.5ms
[2024-10-29T18:44:26.001+0530][gc,heap     ] GC(0) Eden regions: 51->0(44)
[2024-10-29T18:44:26.001+0530][gc,heap     ] GC(0) Survivor regions: 0->7(7)
[2024-10-29T18:44:26.001+0530][gc,heap     ] GC(0) Old regions: 2->3
[2024-10-29T18:44:26.001+0530][gc,heap     ] GC(0) Humongous regions: 0->0
[2024-10-29T18:44:26.001+0530][gc,metaspace] GC(0) Metaspace: 17992K(18240K)->17992K(18240K) NonClass: 15913K(16064K)->15913K(16064K) Class: 2079K(2176K)->2079K(2176K)
[2024-10-29T18:44:26.001+0530][gc          ] GC(0) Pause Young (Normal) (G1 Evacuation Pause) 52M->8M(1024M) 7.437ms
[2024-10-29T18:44:26.001+0530][gc,cpu      ] GC(0) User=0.02s Sys=0.01s Real=0.01s
[2024-10-29T18:44:26.182+0530][gc,start    ] GC(1) Pause Young (Concurrent Start) (Metadata GC Threshold)
[2024-10-29T18:44:26.182+0530][gc,task     ] GC(1) Using 10 workers of 10 for evacuation
[2024-10-29T18:44:26.187+0530][gc,phases   ] GC(1)   Pre Evacuate Collection Set: 0.3ms
[2024-10-29T18:44:26.187+0530][gc,phases   ] GC(1)   Merge Heap Roots: 0.1ms
[2024-10-29T18:44:26.187+0530][gc,phases   ] GC(1)   Evacuate Collection Set: 3.7ms
[2024-10-29T18:44:26.187+0530][gc,phases   ] GC(1)   Post Evacuate Collection Set: 0.8ms
[2024-10-29T18:44:26.187+0530][gc,phases   ] GC(1)   Other: 0.2ms
[2024-10-29T18:44:26.187+0530][gc,heap     ] GC(1) Eden regions: 14->0(49)
[2024-10-29T18:44:26.187+0530][gc,heap     ] GC(1) Survivor regions: 7->2(7)
[2024-10-29T18:44:26.188+0530][gc,heap     ] GC(1) Old regions: 3->10
[2024-10-29T18:44:26.188+0530][gc,heap     ] GC(1) Humongous regions: 0->0
[2024-10-29T18:44:26.188+0530][gc,metaspace] GC(1) Metaspace: 21307K(21504K)->21307K(21504K) NonClass: 18801K(18880K)->18801K(18880K) Class: 2505K(2624K)->2505K(2624K)
[2024-10-29T18:44:26.188+0530][gc          ] GC(1) Pause Young (Concurrent Start) (Metadata GC Threshold) 22M->10M(1024M) 5.309ms
[2024-10-29T18:44:26.188+0530][gc,cpu      ] GC(1) User=0.02s Sys=0.02s Real=0.01s
[2024-10-29T18:44:26.188+0530][gc          ] GC(2) Concurrent Mark Cycle
[2024-10-29T18:44:26.188+0530][gc,marking  ] GC(2) Concurrent Scan Root Regions
[2024-10-29T18:44:26.189+0530][gc,marking  ] GC(2) Concurrent Scan Root Regions 1.635ms
[2024-10-29T18:44:26.189+0530][gc,marking  ] GC(2) Concurrent Mark
[2024-10-29T18:44:26.189+0530][gc,marking  ] GC(2) Concurrent Mark From Roots
[2024-10-29T18:44:26.189+0530][gc,task     ] GC(2) Using 3 workers of 3 for marking
[2024-10-29T18:44:26.192+0530][gc,marking  ] GC(2) Concurrent Mark From Roots 2.163ms
[2024-10-29T18:44:26.192+0530][gc,marking  ] GC(2) Concurrent Preclean
[2024-10-29T18:44:26.192+0530][gc,marking  ] GC(2) Concurrent Preclean 0.024ms
[2024-10-29T18:44:26.192+0530][gc,start    ] GC(2) Pause Remark
[2024-10-29T18:44:26.193+0530][gc          ] GC(2) Pause Remark 11M->11M(1024M) 1.691ms
[2024-10-29T18:44:26.193+0530][gc,cpu      ] GC(2) User=0.01s Sys=0.00s Real=0.00s
[2024-10-29T18:44:26.193+0530][gc,marking  ] GC(2) Concurrent Mark 4.166ms
[2024-10-29T18:44:26.194+0530][gc,marking  ] GC(2) Concurrent Rebuild Remembered Sets and Scrub Regions
[2024-10-29T18:44:26.195+0530][gc,marking  ] GC(2) Concurrent Rebuild Remembered Sets and Scrub Regions 1.454ms
[2024-10-29T18:44:26.195+0530][gc,start    ] GC(2) Pause Cleanup
[2024-10-29T18:44:26.195+0530][gc          ] GC(2) Pause Cleanup 11M->11M(1024M) 0.237ms
[2024-10-29T18:44:26.195+0530][gc,cpu      ] GC(2) User=0.00s Sys=0.00s Real=0.00s
[2024-10-29T18:44:26.195+0530][gc,marking  ] GC(2) Concurrent Clear Claimed Marks
[2024-10-29T18:44:26.195+0530][gc,marking  ] GC(2) Concurrent Clear Claimed Marks 0.022ms
[2024-10-29T18:44:26.195+0530][gc,marking  ] GC(2) Concurrent Cleanup for Next Mark
[2024-10-29T18:44:26.201+0530][gc,marking  ] GC(2) Concurrent Cleanup for Next Mark 5.428ms
[2024-10-29T18:44:26.201+0530][gc          ] GC(2) Concurrent Mark Cycle 13.370ms
[2024-10-29T18:44:26.907+0530][gc,start    ] GC(3) Pause Young (Prepare Mixed) (G1 Evacuation Pause)
[2024-10-29T18:44:26.907+0530][gc,task     ] GC(3) Using 10 workers of 10 for evacuation
[2024-10-29T18:44:26.911+0530][gc,phases   ] GC(3)   Pre Evacuate Collection Set: 0.2ms
[2024-10-29T18:44:26.911+0530][gc,phases   ] GC(3)   Merge Heap Roots: 0.1ms
[2024-10-29T18:44:26.911+0530][gc,phases   ] GC(3)   Evacuate Collection Set: 3.2ms
[2024-10-29T18:44:26.911+0530][gc,phases   ] GC(3)   Post Evacuate Collection Set: 0.8ms
[2024-10-29T18:44:26.911+0530][gc,phases   ] GC(3)   Other: 0.1ms
[2024-10-29T18:44:26.911+0530][gc,heap     ] GC(3) Eden regions: 49->0(44)
[2024-10-29T18:44:26.911+0530][gc,heap     ] GC(3) Survivor regions: 2->7(7)
[2024-10-29T18:44:26.911+0530][gc,heap     ] GC(3) Old regions: 10->10
[2024-10-29T18:44:26.911+0530][gc,heap     ] GC(3) Humongous regions: 129->129
[2024-10-29T18:44:26.911+0530][gc,metaspace] GC(3) Metaspace: 33041K(33344K)->33041K(33344K) NonClass: 29435K(29632K)->29435K(29632K) Class: 3606K(3712K)->3606K(3712K)
[2024-10-29T18:44:26.911+0530][gc          ] GC(3) Pause Young (Prepare Mixed) (G1 Evacuation Pause) 188M->144M(1024M) 4.546ms
[2024-10-29T18:44:26.911+0530][gc,cpu      ] GC(3) User=0.03s Sys=0.00s Real=0.00s
[2024-10-29T18:44:27.007+0530][gc,start    ] GC(4) Pause Young (Mixed) (Metadata GC Threshold)
[2024-10-29T18:44:27.007+0530][gc,task     ] GC(4) Using 10 workers of 10 for evacuation
[2024-10-29T18:44:27.011+0530][gc,phases   ] GC(4)   Pre Evacuate Collection Set: 0.2ms
[2024-10-29T18:44:27.011+0530][gc,phases   ] GC(4)   Merge Heap Roots: 0.1ms
[2024-10-29T18:44:27.011+0530][gc,phases   ] GC(4)   Evacuate Collection Set: 2.8ms
[2024-10-29T18:44:27.011+0530][gc,phases   ] GC(4)   Post Evacuate Collection Set: 0.6ms
[2024-10-29T18:44:27.011+0530][gc,phases   ] GC(4)   Other: 0.1ms
[2024-10-29T18:44:27.011+0530][gc,heap     ] GC(4) Eden regions: 12->0(49)
[2024-10-29T18:44:27.011+0530][gc,heap     ] GC(4) Survivor regions: 7->2(7)
[2024-10-29T18:44:27.011+0530][gc,heap     ] GC(4) Old regions: 10->16
[2024-10-29T18:44:27.011+0530][gc,heap     ] GC(4) Humongous regions: 129->129
[2024-10-29T18:44:27.011+0530][gc,metaspace] GC(4) Metaspace: 35722K(35968K)->35722K(35968K) NonClass: 31777K(31936K)->31777K(31936K) Class: 3944K(4032K)->3944K(4032K)
[2024-10-29T18:44:27.011+0530][gc          ] GC(4) Pause Young (Mixed) (Metadata GC Threshold) 156M->145M(1024M) 3.917ms
[2024-10-29T18:44:27.011+0530][gc,cpu      ] GC(4) User=0.02s Sys=0.02s Real=0.00s
[2024-10-29T18:44:27.023+0530][gc,start    ] GC(5) Pause Young (Concurrent Start) (Metadata GC Threshold)
[2024-10-29T18:44:27.023+0530][gc,task     ] GC(5) Using 10 workers of 10 for evacuation
[2024-10-29T18:44:27.025+0530][gc,phases   ] GC(5)   Pre Evacuate Collection Set: 0.3ms
[2024-10-29T18:44:27.025+0530][gc,phases   ] GC(5)   Merge Heap Roots: 0.1ms
[2024-10-29T18:44:27.025+0530][gc,phases   ] GC(5)   Evacuate Collection Set: 0.7ms
[2024-10-29T18:44:27.025+0530][gc,phases   ] GC(5)   Post Evacuate Collection Set: 0.5ms
[2024-10-29T18:44:27.025+0530][gc,phases   ] GC(5)   Other: 0.1ms
[2024-10-29T18:44:27.025+0530][gc,heap     ] GC(5) Eden regions: 2->0(50)
[2024-10-29T18:44:27.025+0530][gc,heap     ] GC(5) Survivor regions: 2->1(7)
[2024-10-29T18:44:27.025+0530][gc,heap     ] GC(5) Old regions: 16->16
[2024-10-29T18:44:27.025+0530][gc,heap     ] GC(5) Humongous regions: 129->129
[2024-10-29T18:44:27.025+0530][gc,metaspace] GC(5) Metaspace: 36058K(36288K)->36058K(36288K) NonClass: 32067K(32192K)->32067K(32192K) Class: 3990K(4096K)->3990K(4096K)
[2024-10-29T18:44:27.025+0530][gc          ] GC(5) Pause Young (Concurrent Start) (Metadata GC Threshold) 146M->144M(1024M) 1.796ms
[2024-10-29T18:44:27.025+0530][gc,cpu      ] GC(5) User=0.00s Sys=0.00s Real=0.01s
[2024-10-29T18:44:27.025+0530][gc          ] GC(6) Concurrent Mark Cycle
[2024-10-29T18:44:27.025+0530][gc,marking  ] GC(6) Concurrent Scan Root Regions
[2024-10-29T18:44:27.026+0530][gc,marking  ] GC(6) Concurrent Scan Root Regions 0.878ms
[2024-10-29T18:44:27.026+0530][gc,marking  ] GC(6) Concurrent Mark
[2024-10-29T18:44:27.026+0530][gc,marking  ] GC(6) Concurrent Mark From Roots
[2024-10-29T18:44:27.026+0530][gc,task     ] GC(6) Using 3 workers of 3 for marking
[2024-10-29T18:44:27.033+0530][gc,marking  ] GC(6) Concurrent Mark From Roots 7.357ms
[2024-10-29T18:44:27.033+0530][gc,marking  ] GC(6) Concurrent Preclean
[2024-10-29T18:44:27.033+0530][gc,marking  ] GC(6) Concurrent Preclean 0.055ms
[2024-10-29T18:44:27.033+0530][gc,start    ] GC(6) Pause Remark
[2024-10-29T18:44:27.035+0530][gc          ] GC(6) Pause Remark 145M->145M(1024M) 1.732ms
[2024-10-29T18:44:27.035+0530][gc,cpu      ] GC(6) User=0.01s Sys=0.00s Real=0.01s
[2024-10-29T18:44:27.035+0530][gc,marking  ] GC(6) Concurrent Mark 9.359ms
[2024-10-29T18:44:27.035+0530][gc,marking  ] GC(6) Concurrent Rebuild Remembered Sets and Scrub Regions
[2024-10-29T18:44:27.038+0530][gc,marking  ] GC(6) Concurrent Rebuild Remembered Sets and Scrub Regions 2.783ms
[2024-10-29T18:44:27.038+0530][gc,start    ] GC(6) Pause Cleanup
[2024-10-29T18:44:27.038+0530][gc          ] GC(6) Pause Cleanup 145M->145M(1024M) 0.186ms
[2024-10-29T18:44:27.038+0530][gc,cpu      ] GC(6) User=0.00s Sys=0.00s Real=0.00s
[2024-10-29T18:44:27.038+0530][gc,marking  ] GC(6) Concurrent Clear Claimed Marks
[2024-10-29T18:44:27.038+0530][gc,marking  ] GC(6) Concurrent Clear Claimed Marks 0.043ms
[2024-10-29T18:44:27.038+0530][gc,marking  ] GC(6) Concurrent Cleanup for Next Mark
[2024-10-29T18:44:27.041+0530][gc,marking  ] GC(6) Concurrent Cleanup for Next Mark 2.215ms
[2024-10-29T18:44:27.041+0530][gc          ] GC(6) Concurrent Mark Cycle 15.795ms
[2024-10-29T19:21:19.143+0530][gc,heap,exit] Heap
[2024-10-29T19:21:19.163+0530][gc,heap,exit]  garbage-first heap   total 1048576K, used 178880K [0x00000000c0000000, 0x0000000100000000)
[2024-10-29T19:21:19.163+0530][gc,heap,exit]   region size 1024K, 31 young (31744K), 1 survivors (1024K)
[2024-10-29T19:21:19.163+0530][gc,heap,exit]  Metaspace       used 38249K, committed 38528K, reserved 1114112K
[2024-10-29T19:21:19.163+0530][gc,heap,exit]   class space    used 4322K, committed 4416K, reserved 1048576K
