[2024-11-06T04:01:17.110+0530][gc,init] CardTable entry size: 512
[2024-11-06T04:01:17.110+0530][gc     ] Using G1
[2024-11-06T04:01:17.119+0530][gc,init] Version: 21.0.4+7-Ubuntu-1ubuntu224.04 (release)
[2024-11-06T04:01:17.119+0530][gc,init] CPUs: 16 total, 12 available
[2024-11-06T04:01:17.119+0530][gc,init] Memory: 7806M
[2024-11-06T04:01:17.119+0530][gc,init] Large Page Support: Disabled
[2024-11-06T04:01:17.119+0530][gc,init] NUMA Support: Disabled
[2024-11-06T04:01:17.119+0530][gc,init] Compressed Oops: Enabled (32-bit)
[2024-11-06T04:01:17.119+0530][gc,init] Heap Region Size: 1M
[2024-11-06T04:01:17.119+0530][gc,init] Heap Min Capacity: 512M
[2024-11-06T04:01:17.119+0530][gc,init] Heap Initial Capacity: 512M
[2024-11-06T04:01:17.119+0530][gc,init] Heap Max Capacity: 512M
[2024-11-06T04:01:17.119+0530][gc,init] Pre-touch: Disabled
[2024-11-06T04:01:17.119+0530][gc,init] Parallel Workers: 10
[2024-11-06T04:01:17.119+0530][gc,init] Concurrent Workers: 3
[2024-11-06T04:01:17.119+0530][gc,init] Concurrent Refinement Workers: 10
[2024-11-06T04:01:17.119+0530][gc,init] Periodic GC: Disabled
[2024-11-06T04:01:17.132+0530][gc,metaspace] CDS archive(s) mapped at: [0x000072b2d3000000-0x000072b2d3cae000-0x000072b2d3cae000), size 13295616, SharedBaseAddress: 0x000072b2d3000000, ArchiveRelocationMode: 1.
[2024-11-06T04:01:17.132+0530][gc,metaspace] Compressed class space mapped at: 0x000072b2d4000000-0x000072b314000000, reserved size: 1073741824
[2024-11-06T04:01:17.132+0530][gc,metaspace] Narrow klass base: 0x000072b2d3000000, Narrow klass shift: 0, Narrow klass range: 0x100000000
[2024-11-06T04:01:18.050+0530][gc,start    ] GC(0) Pause Young (Normal) (G1 Evacuation Pause)
[2024-11-06T04:01:18.052+0530][gc,task     ] GC(0) Using 10 workers of 10 for evacuation
[2024-11-06T04:01:18.057+0530][gc,phases   ] GC(0)   Pre Evacuate Collection Set: 0.2ms
[2024-11-06T04:01:18.057+0530][gc,phases   ] GC(0)   Merge Heap Roots: 0.1ms
[2024-11-06T04:01:18.057+0530][gc,phases   ] GC(0)   Evacuate Collection Set: 4.4ms
[2024-11-06T04:01:18.057+0530][gc,phases   ] GC(0)   Post Evacuate Collection Set: 0.7ms
[2024-11-06T04:01:18.057+0530][gc,phases   ] GC(0)   Other: 1.4ms
[2024-11-06T04:01:18.057+0530][gc,heap     ] GC(0) Eden regions: 25->0(21)
[2024-11-06T04:01:18.057+0530][gc,heap     ] GC(0) Survivor regions: 0->4(4)
[2024-11-06T04:01:18.057+0530][gc,heap     ] GC(0) Old regions: 2->6
[2024-11-06T04:01:18.057+0530][gc,heap     ] GC(0) Humongous regions: 0->0
[2024-11-06T04:01:18.057+0530][gc,metaspace] GC(0) Metaspace: 8437K(8640K)->8437K(8640K) NonClass: 7556K(7680K)->7556K(7680K) Class: 880K(960K)->880K(960K)
[2024-11-06T04:01:18.057+0530][gc          ] GC(0) Pause Young (Normal) (G1 Evacuation Pause) 26M->8M(512M) 7.077ms
[2024-11-06T04:01:18.057+0530][gc,cpu      ] GC(0) User=0.02s Sys=0.02s Real=0.01s
[2024-11-06T10:12:40.603+0530][gc,heap,exit] Heap
[2024-11-06T10:12:40.634+0530][gc,heap,exit]  garbage-first heap   total 524288K, used 17202K [0x00000000e0000000, 0x0000000100000000)
[2024-11-06T10:12:40.634+0530][gc,heap,exit]   region size 1024K, 12 young (12288K), 4 survivors (4096K)
[2024-11-06T10:12:40.634+0530][gc,heap,exit]  Metaspace       used 9418K, committed 9600K, reserved 1114112K
[2024-11-06T10:12:40.634+0530][gc,heap,exit]   class space    used 969K, committed 1088K, reserved 1048576K
