[2024-10-29T18:43:59.558+0530][gc,init] CardTable entry size: 512
[2024-10-29T18:43:59.558+0530][gc     ] Using G1
[2024-10-29T18:43:59.564+0530][gc,init] Version: 21.0.4+7-Ubuntu-1ubuntu224.04 (release)
[2024-10-29T18:43:59.564+0530][gc,init] CPUs: 16 total, 12 available
[2024-10-29T18:43:59.564+0530][gc,init] Memory: 7806M
[2024-10-29T18:43:59.564+0530][gc,init] Large Page Support: Disabled
[2024-10-29T18:43:59.564+0530][gc,init] NUMA Support: Disabled
[2024-10-29T18:43:59.564+0530][gc,init] Compressed Oops: Enabled (32-bit)
[2024-10-29T18:43:59.564+0530][gc,init] Heap Region Size: 1M
[2024-10-29T18:43:59.564+0530][gc,init] Heap Min Capacity: 512M
[2024-10-29T18:43:59.564+0530][gc,init] Heap Initial Capacity: 512M
[2024-10-29T18:43:59.564+0530][gc,init] Heap Max Capacity: 512M
[2024-10-29T18:43:59.564+0530][gc,init] Pre-touch: Disabled
[2024-10-29T18:43:59.564+0530][gc,init] Parallel Workers: 10
[2024-10-29T18:43:59.564+0530][gc,init] Concurrent Workers: 3
[2024-10-29T18:43:59.564+0530][gc,init] Concurrent Refinement Workers: 10
[2024-10-29T18:43:59.564+0530][gc,init] Periodic GC: Disabled
[2024-10-29T18:43:59.573+0530][gc,metaspace] CDS archive(s) mapped at: [0x00007b8543000000-0x00007b8543cae000-0x00007b8543cae000), size 13295616, SharedBaseAddress: 0x00007b8543000000, ArchiveRelocationMode: 1.
[2024-10-29T18:43:59.573+0530][gc,metaspace] Compressed class space mapped at: 0x00007b8544000000-0x00007b8584000000, reserved size: 1073741824
[2024-10-29T18:43:59.573+0530][gc,metaspace] Narrow klass base: 0x00007b8543000000, Narrow klass shift: 0, Narrow klass range: 0x100000000
[2024-10-29T18:44:02.485+0530][gc,start    ] GC(0) Pause Young (Normal) (G1 Evacuation Pause)
[2024-10-29T18:44:02.487+0530][gc,task     ] GC(0) Using 10 workers of 10 for evacuation
[2024-10-29T18:44:02.492+0530][gc,phases   ] GC(0)   Pre Evacuate Collection Set: 0.3ms
[2024-10-29T18:44:02.492+0530][gc,phases   ] GC(0)   Merge Heap Roots: 0.2ms
[2024-10-29T18:44:02.492+0530][gc,phases   ] GC(0)   Evacuate Collection Set: 3.3ms
[2024-10-29T18:44:02.492+0530][gc,phases   ] GC(0)   Post Evacuate Collection Set: 0.8ms
[2024-10-29T18:44:02.492+0530][gc,phases   ] GC(0)   Other: 1.6ms
[2024-10-29T18:44:02.492+0530][gc,heap     ] GC(0) Eden regions: 25->0(21)
[2024-10-29T18:44:02.492+0530][gc,heap     ] GC(0) Survivor regions: 0->4(4)
[2024-10-29T18:44:02.492+0530][gc,heap     ] GC(0) Old regions: 2->6
[2024-10-29T18:44:02.492+0530][gc,heap     ] GC(0) Humongous regions: 0->0
[2024-10-29T18:44:02.492+0530][gc,metaspace] GC(0) Metaspace: 8290K(8512K)->8290K(8512K) NonClass: 7424K(7552K)->7424K(7552K) Class: 865K(960K)->865K(960K)
[2024-10-29T18:44:02.492+0530][gc          ] GC(0) Pause Young (Normal) (G1 Evacuation Pause) 26M->8M(512M) 6.495ms
[2024-10-29T18:44:02.492+0530][gc,cpu      ] GC(0) User=0.02s Sys=0.02s Real=0.00s
[2024-10-29T19:21:15.286+0530][gc,heap,exit] Heap
[2024-10-29T19:21:15.310+0530][gc,heap,exit]  garbage-first heap   total 524288K, used 17422K [0x00000000e0000000, 0x0000000100000000)
[2024-10-29T19:21:15.310+0530][gc,heap,exit]   region size 1024K, 13 young (13312K), 4 survivors (4096K)
[2024-10-29T19:21:15.310+0530][gc,heap,exit]  Metaspace       used 9408K, committed 9664K, reserved 1114112K
[2024-10-29T19:21:15.310+0530][gc,heap,exit]   class space    used 967K, committed 1088K, reserved 1048576K
