[2024-11-05T02:01:02.248+0530][gc,init] CardTable entry size: 512
[2024-11-05T02:01:02.248+0530][gc     ] Using G1
[2024-11-05T02:01:02.257+0530][gc,init] Version: 21.0.4+7-Ubuntu-1ubuntu224.04 (release)
[2024-11-05T02:01:02.257+0530][gc,init] CPUs: 16 total, 12 available
[2024-11-05T02:01:02.257+0530][gc,init] Memory: 7806M
[2024-11-05T02:01:02.257+0530][gc,init] Large Page Support: Disabled
[2024-11-05T02:01:02.257+0530][gc,init] NUMA Support: Disabled
[2024-11-05T02:01:02.257+0530][gc,init] Compressed Oops: Enabled (32-bit)
[2024-11-05T02:01:02.257+0530][gc,init] Heap Region Size: 1M
[2024-11-05T02:01:02.257+0530][gc,init] Heap Min Capacity: 512M
[2024-11-05T02:01:02.257+0530][gc,init] Heap Initial Capacity: 512M
[2024-11-05T02:01:02.257+0530][gc,init] Heap Max Capacity: 512M
[2024-11-05T02:01:02.257+0530][gc,init] Pre-touch: Disabled
[2024-11-05T02:01:02.257+0530][gc,init] Parallel Workers: 10
[2024-11-05T02:01:02.257+0530][gc,init] Concurrent Workers: 3
[2024-11-05T02:01:02.257+0530][gc,init] Concurrent Refinement Workers: 10
[2024-11-05T02:01:02.257+0530][gc,init] Periodic GC: Disabled
[2024-11-05T02:01:02.272+0530][gc,metaspace] CDS archive(s) mapped at: [0x0000703787000000-0x0000703787cae000-0x0000703787cae000), size 13295616, SharedBaseAddress: 0x0000703787000000, ArchiveRelocationMode: 1.
[2024-11-05T02:01:02.272+0530][gc,metaspace] Compressed class space mapped at: 0x0000703788000000-0x00007037c8000000, reserved size: 1073741824
[2024-11-05T02:01:02.272+0530][gc,metaspace] Narrow klass base: 0x0000703787000000, Narrow klass shift: 0, Narrow klass range: 0x100000000
[2024-11-05T02:01:03.022+0530][gc,start    ] GC(0) Pause Young (Normal) (G1 Evacuation Pause)
[2024-11-05T02:01:03.023+0530][gc,task     ] GC(0) Using 10 workers of 10 for evacuation
[2024-11-05T02:01:03.028+0530][gc,phases   ] GC(0)   Pre Evacuate Collection Set: 0.2ms
[2024-11-05T02:01:03.028+0530][gc,phases   ] GC(0)   Merge Heap Roots: 0.1ms
[2024-11-05T02:01:03.028+0530][gc,phases   ] GC(0)   Evacuate Collection Set: 3.9ms
[2024-11-05T02:01:03.028+0530][gc,phases   ] GC(0)   Post Evacuate Collection Set: 0.7ms
[2024-11-05T02:01:03.028+0530][gc,phases   ] GC(0)   Other: 0.9ms
[2024-11-05T02:01:03.028+0530][gc,heap     ] GC(0) Eden regions: 25->0(21)
[2024-11-05T02:01:03.028+0530][gc,heap     ] GC(0) Survivor regions: 0->4(4)
[2024-11-05T02:01:03.028+0530][gc,heap     ] GC(0) Old regions: 2->6
[2024-11-05T02:01:03.028+0530][gc,heap     ] GC(0) Humongous regions: 0->0
[2024-11-05T02:01:03.028+0530][gc,metaspace] GC(0) Metaspace: 8258K(8384K)->8258K(8384K) NonClass: 7395K(7488K)->7395K(7488K) Class: 863K(896K)->863K(896K)
[2024-11-05T02:01:03.028+0530][gc          ] GC(0) Pause Young (Normal) (G1 Evacuation Pause) 26M->8M(512M) 6.130ms
[2024-11-05T02:01:03.028+0530][gc,cpu      ] GC(0) User=0.01s Sys=0.02s Real=0.01s
[2024-11-05T04:25:13.214+0530][gc,heap,exit] Heap
[2024-11-05T04:25:13.371+0530][gc,heap,exit]  garbage-first heap   total 524288K, used 22280K [0x00000000e0000000, 0x0000000100000000)
[2024-11-05T04:25:13.371+0530][gc,heap,exit]   region size 1024K, 17 young (17408K), 4 survivors (4096K)
[2024-11-05T04:25:13.371+0530][gc,heap,exit]  Metaspace       used 9570K, committed 9792K, reserved 1114112K
[2024-11-05T04:25:13.371+0530][gc,heap,exit]   class space    used 967K, committed 1088K, reserved 1048576K
